10-23 16:44:05.201  1676  1746 I SurfaceFlinger: id=58033 Removed Background for SurfaceView[com.example.as1/com.godot.game.GodotApp]@0#58033 (189)
10-23 16:44:05.228  1781  8168 I WindowManager: WIN DEATH: Window{4e21e7d u0 com.example.as1/com.godot.game.GodotApp}
10-23 16:44:05.229  1781  8168 W InputManager-JNI: Input channel object '4e21e7d com.example.as1/com.godot.game.GodotApp (client)' was disposed without first being removed with the input manager!
10-23 16:44:05.229  1781  8168 V WindowManager: Remove Window{4e21e7d u0 com.example.as1/com.godot.game.GodotApp}: mSurfaceController=Surface(name=com.example.as1/com.godot.game.GodotApp$_14933)/@0x910c49d mAnimatingExit=false mRemoveOnExit=false mHasSurface=true surfaceShowing=true animating=false app-animation=false mDisplayFrozen=false callers=com.android.server.wm.WindowState$DeathRecipient.binderDied:3686 android.os.IBinder$DeathRecipient.binderDied:325 android.os.BinderProxy.sendDeathNotice:781 <bottom of call stack> <bottom of call stack> <bottom of call stack> 
10-23 16:44:05.239  1781  8032 D InputDispatcher: Focus left window (0): 4e21e7d com.example.as1/com.godot.game.GodotApp
10-23 16:44:05.244  1781  8166 V ActivityManager: Got obituary of 14933:com.example.as1
10-23 16:44:05.248  8157 15230 I GOS:GameIntentService: onPackageChanged(). extras: Bundle[{changeType=2, userId=0, type=15, packageName=com.example.as1}]
10-23 16:44:05.248  8157 15230 I GOS:GameIntentService: onPackageChanged(). changeType(INSTALL_STARTED), pkgName(com.example.as1), UserHandle(0), userId(0), Installed(true)
10-23 16:44:05.280  1781  1911 V WindowManager: Start calculating TransitionInfo based on participants: {ActivityRecord{55c0291 u0 com.sec.android.app.launcher/.activities.LauncherActivity t46911}, ActivityRecord{91a81d9 u0 com.example.as1/com.godot.game.GodotApp t47230 f} isExiting}, WallpaperWindowToken{95d2f05 token=android.os.Binder@901ca7c}, Task{aaf979e #47230 type=standard A=10265:com.example.as1}}
10-23 16:44:05.280  1781  1911 V WindowManager:   Final targets: [Task{aaf979e #47230 type=standard A=10265:com.example.as1}, Task{87497fd #1 type=home}]
10-23 16:44:05.290  1676  1759 D RenderEngine: [SEC_GC_CMN_SF_EFFECTS] drawLayersInternal,1279, Rendering layer SurfaceView[com.example.as1/com.godot.game.GodotApp]@0(BLAST)#58032 at index 1
10-23 16:44:05.293  1781  1911 V WindowManager:         {WCT{RemoteToken{84d2c55 Task{aaf979e #47230 type=standard A=10265:com.example.as1}}} m=CLOSE f=EDGE_EXTENSION_RESTRICTION leash=Surface(name=Task=47230)/@0x45a63f sb=Rect(0, 0 - 2400, 1080) eb=Rect(0, 0 - 2400, 1080) d=0 inset=Rect(0, 0 - 0, 0)},
10-23 16:44:05.294  1781  1907 V WindowManager: Sent Transition #4959 createdAt=10-23 16:44:05.131 via request=TransitionRequestInfo { type = CLOSE, triggerTask = TaskInfo{userId=0 taskId=47230 displayId=0 isRunning=false baseIntent=Intent { act=android.intent.action.MAIN flg=0x10000000 cmp=com.example.as1/com.godot.game.GodotApp } baseActivity=null topActivity=null origActivity=null realActivity=ComponentInfo{com.example.as1/com.godot.game.GodotApp} numActivities=0 lastActiveTime=396579991 supportsMultiWindow=true resizeMode=2 isResizeable=true minWidth=-1 minHeight=-1 maxWidth=-1 maxHeight=-1 defaultMinSize=220 token=WCT{RemoteToken{84d2c55 Task{aaf979e #47230 type=standard A=10265:com.example.as1}}} topActivityType=1 pictureInPictureParams=null shouldDockBigOverlays=false launchIntoPipHostTaskId=-1 lastParentTaskIdBeforePip=-1 displayCutoutSafeInsets=null topActivityInfo=null launchCookies=[] positionInParent=Point(0, 0) parentTaskId=-1 isFocused=true isVisible=true isVisibleRequested=true isSleeping=false topActivityInSizeCompat=false topActivityEligibleForLetterboxEducation= false topActivityLetterboxed= false isFromDoubleTap= false topActivityLetterboxVerticalPosition= -1 topActivityLetterboxHorizontalPosition= -1 topActivityLetterboxWidth=-1 topActivityLetterboxHeight=-1 locusId=null displayAreaFeatureId=1 cameraCompatControlState=hidden originallySupportedMultiWindow=true hasWallpaper=false topActivityInFixedAspectRatio=false rootAffinity=10265:com.example.as1 topActivityInDisplayCompat=false topActivityInBoundsCompat=false topActivityBounds=null singleTapFromLetterbox=false isTopTaskInStage=false CoverLauncherWidgetTask=false CoverScreenTask=false isAllowedSeamlessRotation=false isTopTransparentActivity=true hasPopOver=false}, remoteTransition = null, displayChange = null }
10-23 16:44:05.294  1781  1907 V WindowManager:         {WCT{RemoteToken{84d2c55 Task{aaf979e #47230 type=standard A=10265:com.example.as1}}} m=CLOSE f=EDGE_EXTENSION_RESTRICTION leash=Surface(name=Task=47230)/@0x45a63f sb=Rect(0, 0 - 2400, 1080) eb=Rect(0, 0 - 2400, 1080) d=0 inset=Rect(0, 0 - 0, 0)},
10-23 16:44:05.398  1781  1911 W WindowManager: Failed to deliver inset control state change to w=Window{4e21e7d u0 com.example.as1/com.godot.game.GodotApp EXITING}
10-23 16:44:05.780  1781  2346 D PackageManager: isLocaleOptimizedPackage() -  Non optimized app: com.example.as1. Proceed with normal install
10-23 16:44:05.780  1781  2346 I AppsFilter: interaction: PackageSetting{665e0c com.example.as/10563} -> PackageSetting{60eecc7 com.example.as1/10265} BLOCKED
10-23 16:44:05.780  1781  2346 I AppsFilter: interaction: PackageSetting{bdbc53f com.example.CL/10562} -> PackageSetting{60eecc7 com.example.as1/10265} BLOCKED
10-23 16:44:05.780  1781  2346 I AppsFilter: interaction: PackageSetting{f37c5dc com.example.cookingadventure/10012} -> PackageSetting{60eecc7 com.example.as1/10265} BLOCKED
10-23 16:44:05.801  1781  2346 I ActivityManager: Force stopping com.example.as1 appid=10265 user=0: pkg removed
10-23 16:44:05.801  1781  2346 I WindowManager:   Force removing ActivityRecord{91a81d9 u0 com.example.as1/com.godot.game.GodotApp t47230 f} isExiting}
10-23 16:44:05.801  1781  2346 W WindowManager: removeAppToken: Attempted to remove non-existing token: Token{f29e27f ActivityRecord{91a81d9 u0 com.example.as1/com.godot.game.GodotApp t47230 f} isExiting}}
10-23 16:44:05.809  1781  8166 V WindowManager: Setting visibility of Window{4e21e7d u0 com.example.as1/com.godot.game.GodotApp EXITING}: false, caller=com.android.server.wm.WindowContainer.sendAppVisibilityToClients:1301 com.android.server.wm.WindowToken.setClientVisible:446 com.android.server.wm.ActivityRecord.setClientVisible:8121 com.android.server.wm.ActivityRecord.postApplyAnimation:6685 com.android.server.wm.ActivityRecord.commitVisibility:6628 
10-23 16:44:05.810  1781  8166 W WindowManager: Exception thrown during dispatchAppVisibility Window{4e21e7d u0 com.example.as1/com.godot.game.GodotApp EXITING}
10-23 16:44:05.814  1781  8166 D WindowManager: prepareSync <SYNC_STATE_WAITING_FOR_DRAW>, mPrepareSyncSeqId=0, win=Window{4e21e7d u0 com.example.as1/com.godot.game.GodotApp EXITING}
10-23 16:44:05.851  1781  8166 W WindowManager: Failed to deliver inset control state change to w=Window{4e21e7d u0 com.example.as1/com.godot.game.GodotApp EXITING}
10-23 16:44:05.876  1781  3106 D OverlayManager: reconcileSettingsForPackage pkgName=com.example.as1 userId=0
10-23 16:44:05.876  1781  2019 I SGM:GameManager: PkgUpdateReceiver, onPackageRemoved : com.example.as1 userHandle : UserHandle{0} userID : 0
10-23 16:44:05.876  1781  3202 D SGM:GosNotifyThread: notifyPackageChangedToGos(), before send intent to GOS. type:15, changeType: 1, pkgName:com.example.as1, userHandleId:0
10-23 16:44:05.876  1781  3106 I OverlayManager: updateOverlaysForTarget() called with: targetPackage = [com.example.as1], userId = [0], flags = [2]
10-23 16:44:05.889  1676  1676 I Layer   : Layer [ActivityRecord{91a81d9 u0 com.example.as1/com.godot.game.GodotApp t47230}#58017] hidden!! flag(1)
10-23 16:44:05.889  1676  1676 I Layer   : id=58017 removeFromCurrentState ActivityRecord{91a81d9 u0 com.example.as1/com.godot.game.GodotApp t47230}#58017 (192)
10-23 16:44:05.889  1676  1676 I Layer   : id=58022 removeFromCurrentState ce94852 ActivityRecordInputSink com.example.as1/com.godot.game.GodotApp#58022 (192)
10-23 16:44:05.889  1676  1676 I Layer   : id=58025 removeFromCurrentState 4e21e7d com.example.as1/com.godot.game.GodotApp#58025 (192)
10-23 16:44:05.889  1676  1676 I Layer   : id=58027 removeFromCurrentState com.example.as1/com.godot.game.GodotApp$_14933#58027 (192)
10-23 16:44:05.889  1676  1676 I Layer   : id=58030 removeFromCurrentState Bounds for - com.example.as1/com.godot.game.GodotApp@0#58030 (192)
10-23 16:44:05.889  1676  1676 I Layer   : id=58031 removeFromCurrentState SurfaceView[com.example.as1/com.godot.game.GodotApp]@0#58031 (192)
10-23 16:44:05.889  1676  1676 I Layer   : id=58033 removeFromCurrentState Background for SurfaceView[com.example.as1/com.godot.game.GodotApp]@0#58033 (192)
10-23 16:44:05.889  1676  1676 I Layer   : id=58032 removeFromCurrentState SurfaceView[com.example.as1/com.godot.game.GodotApp]@0(BLAST)#58032 (192)
10-23 16:44:05.890  1781  2019 D MetaDataCollector: onReceive: done pkgName=com.example.as1
10-23 16:44:05.892  4282  4282 I VvmPkgInstalledRcvr: packageName: com.example.as1, systemDialer: com.samsung.android.dialer
10-23 16:44:05.897  1781  8168 V WindowManager: Remove Window{4e21e7d u0 com.example.as1/com.godot.game.GodotApp EXITING}: mSurfaceController=Surface(name=com.example.as1/com.godot.game.GodotApp$_14933)/@0x910c49d mAnimatingExit=true mRemoveOnExit=true mHasSurface=true surfaceShowing=true animating=false app-animation=false mDisplayFrozen=false callers=com.android.server.wm.WindowToken.removeAllWindowsIfPossible:258 com.android.server.wm.ActivityRecord.removeIfPossible:5162 com.android.server.wm.ActivityRecord.handleCompleteDeferredRemoval:5169 com.android.server.wm.WindowContainer.handleCompleteDeferredRemoval:1476 com.android.server.wm.TaskFragment.handleCompleteDeferredRemoval:3413 com.android.server.wm.WindowContainer.handleCompleteDeferredRemoval:1476 
10-23 16:44:05.897  1781  8168 D PowerManagerService: [api] release WakeLock SCREEN_BRIGHT_WAKE_LOCK        'WindowManager/displayId:0' ON_AFTER_RELEASE ACQ=-2m5s454ms (uid=1000 pid=1781 ws=WorkSource{10265 com.example.as1} displayId=0 lock=a1754a8)
10-23 16:44:05.897  1781  8168 D PowerManagerService: [api] applyWakeLockFlagsOnReleaseLocked : userActivityNoUpdateLocked is called : SCREEN_BRIGHT_WAKE_LOCK        'WindowManager/displayId:0' ON_AFTER_RELEASE DISABLED (uid=1000 pid=1781 ws=WorkSource{10265 com.example.as1} displayId=0 lock=a1754a8)
10-23 16:44:05.898  1781  3106 D OverlayManager: reconcileSettingsForPackage pkgName=com.example.as1 userId=0
10-23 16:44:05.898  1781  3106 I OverlayManager: updateOverlaysForTarget() called with: targetPackage = [com.example.as1], userId = [0], flags = [0]
10-23 16:44:05.898  1781  3106 I SWT_ThemeManager: update color theme overlay, pkg = com.example.as1, overlay = null
10-23 16:44:05.899  5103  5273 I PackageInfoManager_FLP: action : ACTION_PACKAGE_REMOVED, packageName = com.example.as1
10-23 16:44:05.899  5103  5273 I PackageInfoManager_FLP: action : ACTION_PACKAGE_ADDED, packageName = com.example.as1
10-23 16:44:05.900  1781  8168 V WindowManager: Remove Window{4e21e7d u0 com.example.as1/com.godot.game.GodotApp EXITING}: mSurfaceController=Surface(name=com.example.as1/com.godot.game.GodotApp$_14933)/@0x910c49d mAnimatingExit=true mRemoveOnExit=true mHasSurface=true surfaceShowing=false animating=false app-animation=false mDisplayFrozen=false callers=com.android.server.wm.WindowToken.removeAllWindowsIfPossible:258 com.android.server.wm.ActivityRecord.removeIfPossible:5162 com.android.server.wm.ActivityRecord.onRemovedFromDisplay:5244 com.android.server.wm.ActivityRecord.removeImmediately:5152 com.android.server.wm.ActivityRecord.removeIfPossible:5163 com.android.server.wm.ActivityRecord.handleCompleteDeferredRemoval:5169 
10-23 16:44:05.900  1781  8168 I WindowManager: Destroying surface Surface(name=com.example.as1/com.godot.game.GodotApp$_14933)/@0x910c49d called by com.android.server.wm.WindowStateAnimator.destroySurface:799 com.android.server.wm.WindowStateAnimator.destroySurfaceLocked:472 com.android.server.wm.WindowState.removeImmediately:2937 com.android.server.wm.WindowState.removeIfPossible:3214 com.android.server.wm.WindowToken.removeAllWindowsIfPossible:258 com.android.server.wm.ActivityRecord.removeIfPossible:5162 com.android.server.wm.ActivityRecord.onRemovedFromDisplay:5244 com.android.server.wm.ActivityRecord.removeImmediately:5152 
10-23 16:44:05.900  1781  3208 W PackageConfigPersister: App-specific configuration not found for packageName: com.example.as1 and userId: 0
10-23 16:44:05.902  1676  1861 I SurfaceFlinger: id=58022 Removed ce94852 ActivityRecordInputSink com.example.as1/com.godot.game.GodotApp#58022 (192)
10-23 16:44:05.904  7449 15255 I [SC]PackageRemoveMonitorReceiverImpl: onReceive: com.example.as1 false
10-23 16:44:05.905  1676  1676 I Layer   : Layer [com.example.as1/com.godot.game.GodotApp$_14933#58027] hidden!! flag(1)
10-23 16:44:05.905  1676  1676 I Layer   : Layer::reparent [com.example.as1/com.godot.game.GodotApp$_14933#58027] newParentHandle : null -------------------------
10-23 16:44:05.905  1676  1676 I Layer   : id=58027 removeFromCurrentState com.example.as1/com.godot.game.GodotApp$_14933#58027 (193)
10-23 16:44:05.905  1676  1676 I Layer   : id=58030 removeFromCurrentState Bounds for - com.example.as1/com.godot.game.GodotApp@0#58030 (193)
10-23 16:44:05.905  1676  1676 I Layer   : id=58031 removeFromCurrentState SurfaceView[com.example.as1/com.godot.game.GodotApp]@0#58031 (193)
10-23 16:44:05.905  1676  1676 I Layer   : id=58033 removeFromCurrentState Background for SurfaceView[com.example.as1/com.godot.game.GodotApp]@0#58033 (193)
10-23 16:44:05.905  1676  1676 I Layer   : id=58032 removeFromCurrentState SurfaceView[com.example.as1/com.godot.game.GodotApp]@0(BLAST)#58032 (193)
10-23 16:44:05.905  1676  1676 I Layer   : Layer::reparent [com.example.as1/com.godot.game.GodotApp$_14933#58027] End -------------------------
10-23 16:44:05.905  1676  1676 I Layer   : Layer::reparent [4e21e7d com.example.as1/com.godot.game.GodotApp#58025] newParentHandle : null -------------------------
10-23 16:44:05.905  1676  1676 I Layer   : id=58025 removeFromCurrentState 4e21e7d com.example.as1/com.godot.game.GodotApp#58025 (193)
10-23 16:44:05.905  1676  1676 I Layer   : Layer::reparent [4e21e7d com.example.as1/com.godot.game.GodotApp#58025] End -------------------------
10-23 16:44:05.906  1676  1676 I SurfaceFlinger: id=58025 Removed 4e21e7d com.example.as1/com.godot.game.GodotApp#58025 (193)
10-23 16:44:05.906  1676  1676 I SurfaceFlinger: id=58027 Removed com.example.as1/com.godot.game.GodotApp$_14933#58027 (193)
10-23 16:44:05.906  7449 15256 I [SC]PackageAddMonitorReceiverImpl: onReceive: com.example.as1
10-23 16:44:05.908  7449  7764 I [SC]SyncAuthority: com.example.as1: authority not found!
10-23 16:44:05.909  7449 15256 I [SC]BackupSourceManager: load: Can't load package: com.example.as1
10-23 16:44:05.909  7449  7764 I [SC]SyncAuthority: com.example.as1: authority not found!
10-23 16:44:05.910  4282  4282 I VvmPkgInstalledRcvr:  NOT contains : com.example.as1
10-23 16:44:05.910  4282  4282 D CarrierSvcBindHelper: onPackageUpdateFinished: com.example.as1
10-23 16:44:05.910  4282  4282 D CarrierSvcBindHelper: onPackageModified: com.example.as1
10-23 16:44:05.911  4282  4412 D ImsResolver: maybeAddedImsService, packageName: com.example.as1
10-23 16:44:05.911  4282  4282 I VvmPkgInstalledRcvr: packageName: com.example.as1, systemDialer: com.samsung.android.dialer
10-23 16:44:05.917  1781  2019 D LauncherAppsService: Calling onPackageRemoved: com.example.as1, EXTRA_REPLACING: true
10-23 16:44:05.922  1781  3979 I SdkSandboxManager: No SDKs used. Skipping SDK data reconcilation for CallingInfo{mUid=10265, mPackageName='com.example.as1, mAppProcessToken='null'}
10-23 16:44:05.922  1676  1676 I Layer   : Layer::reparent [ActivityRecord{91a81d9 u0 com.example.as1/com.godot.game.GodotApp t47230}#58017] newParentHandle : null -------------------------
10-23 16:44:05.922  1781  3908 I AppWidgetServiceImpl: Received broadcast: android.intent.action.PACKAGE_ADDED, Updates all providers with com.example.as1, userId: 0
10-23 16:44:05.922  1676  1676 I Layer   : id=58017 removeFromCurrentState ActivityRecord{91a81d9 u0 com.example.as1/com.godot.game.GodotApp t47230}#58017 (193)
10-23 16:44:05.922  1676  1676 I Layer   : id=58022 removeFromCurrentState ce94852 ActivityRecordInputSink com.example.as1/com.godot.game.GodotApp#58022 (193)
10-23 16:44:05.922  1676  1676 I Layer   : Layer::reparent [ActivityRecord{91a81d9 u0 com.example.as1/com.godot.game.GodotApp t47230}#58017] End -------------------------
10-23 16:44:05.922  1676  1676 I Layer   : id=58027 Destroyed com.example.as1/com.godot.game.GodotApp$_14933#58027
10-23 16:44:05.922  1676  1676 I Layer   : id=58030 Destroyed Bounds for - com.example.as1/com.godot.game.GodotApp@0#58030
10-23 16:44:05.922  1676  1676 I Layer   : id=58031 Destroyed SurfaceView[com.example.as1/com.godot.game.GodotApp]@0#58031
10-23 16:44:05.922  1676  1676 I Layer   : id=58033 Destroyed Background for SurfaceView[com.example.as1/com.godot.game.GodotApp]@0#58033
10-23 16:44:05.922  1676  1676 I Layer   : id=58032 Destroyed SurfaceView[com.example.as1/com.godot.game.GodotApp]@0(BLAST)#58032
10-23 16:44:05.923  1676  1676 I Layer   : id=58025 Destroyed 4e21e7d com.example.as1/com.godot.game.GodotApp#58025
10-23 16:44:05.924  1781  3908 I AppWidgetServiceImpl: queryIntentReceivers intent : Intent { act=android.appwidget.action.APPWIDGET_UPDATE pkg=com.example.as1 }  userid : 0  flags : 268436608 result : 0
10-23 16:44:05.924  1676  1676 I SurfaceFlinger: id=58017 Removed ActivityRecord{91a81d9 u0 com.example.as1/com.godot.game.GodotApp t47230}#58017 (186)
10-23 16:44:05.929  4282  4282 I VvmPkgInstalledRcvr:  NOT contains : com.example.as1
10-23 16:44:05.931  1781  1907 I CDM_CompanionDeviceManagerService: onPackageModified() u0/com.example.as1
10-23 16:44:05.937 10154 10154 I SafetyLabelChangedBroadcastReceiver: received broadcast packageName: com.example.as1, current user: UserHandle{0}, packageChangeEvent: UPDATE, intent user: UserHandle{0}
10-23 16:44:05.938  1781  3161 D SEP_UNION_SemDeviceInfoManagerService: Package com.example.as1 is removed on User 0 
10-23 16:44:05.939  1676  1676 I Layer   : id=58017 Destroyed ActivityRecord{91a81d9 u0 com.example.as1/com.godot.game.GodotApp t47230}#58017
10-23 16:44:05.939  1676  1676 I Layer   : id=58022 Destroyed ce94852 ActivityRecordInputSink com.example.as1/com.godot.game.GodotApp#58022
10-23 16:44:05.945  1781  1781 D SdpManagerImpl.receiver: On android.intent.action.PACKAGE_REMOVED : DATA = package:com.example.as1, UID = 10265, UserId = 0, Is replacing? true
10-23 16:44:05.945  1781  1907 D LocationManagerService: package com.example.as1 reset
10-23 16:44:05.946  1781  1781 I Telecom : CarModeTracker: Package com.example.as1 is not tracked.: SSH.oR@hLU
10-23 16:44:05.947  1781  4046 I Pageboost: remove app @ runtime : com.example.as1
10-23 16:44:05.963  1781  1781 D DevicePolicyManager:  handle packages changed  setCrossProfileAppToIgnored com.example.as1 0
10-23 16:44:05.964  1781  1781 D SGM:GameManager: identifyGamePackage. com.example.as1, mCurrentUserId: 0, callerUserId: 0, callingMethodInfo: com.samsung.android.game.SemGameManager.isGamePackage(SemGameManager.java:109)
10-23 16:44:05.964  1781  1781 D SGM:PkgDataHelper: getGamePkgData(). com.example.as1
10-23 16:44:05.964  1781  1781 D SGM:SemGameManager: isGamePackage(), pkgName=com.example.as1, ret=false
10-23 16:44:05.965  1781  1781 V GameManagerService_GamePackageConfiguration: No android.game_mode_config meta-data found for package com.example.as1
10-23 16:44:05.965  1781  1781 V GameManagerService: Package configuration not found for com.example.as1
10-23 16:44:05.967  1781  3961 D SGM:GameManager: identifyGamePackage. com.example.as1, mCurrentUserId: 0, callerUserId: 0, callingMethodInfo: com.samsung.android.game.SemGameManager.isGamePackage(SemGameManager.java:109)
10-23 16:44:05.967  1781  3961 D SGM:PkgDataHelper: getGamePkgData(). com.example.as1
10-23 16:44:05.967  1781  3961 D SGM:SemGameManager: isGamePackage(), pkgName=com.example.as1, ret=false
10-23 16:44:05.967  1781  1781 W AlarmManager: Package com.example.as1, uid 10265 lost permission to set exact alarms!
10-23 16:44:05.969 13193 13193 I Routine@Core[4.6.02.0]: MetadataLoaderImpl: collectInBackground - packageName:com.example.as1
10-23 16:44:05.969 13193 13193 I Routine@Core[4.6.02.0]: MetadataSyncBacklog: add: null + com.example.as1
10-23 16:44:05.985  1781  1781 I Telecom:SamsungOpenCommunicationPlatformPolicyPackageBroadcastReceiver: action : android.intent.action.PACKAGE_ADDED / packageName : com.example.as1
10-23 16:44:05.986  1781  3979 I SdkSandboxManager: No SDKs used. Skipping SDK data reconcilation for CallingInfo{mUid=10265, mPackageName='com.example.as1, mAppProcessToken='null'}
10-23 16:44:05.993  1781  4046 D SGM:GameManager: identifyGamePackage. com.example.as1, mCurrentUserId: 0, callerUserId: 0, callingMethodInfo: com.samsung.android.game.SemGameManager.isGamePackage(SemGameManager.java:109)
10-23 16:44:05.993  1781  4046 D SGM:PkgDataHelper: getGamePkgData(). com.example.as1
10-23 16:44:05.993  1781  4046 D SGM:SemGameManager: isGamePackage(), pkgName=com.example.as1, ret=false
10-23 16:44:05.993  1781  4046 I Pageboost: appinfo : com.example.as1 0 0 0 0
10-23 16:44:05.993  1781  4046 D SGM:GameManager: identifyGamePackage. com.example.as1, mCurrentUserId: 0, callerUserId: 0, callingMethodInfo: com.samsung.android.game.SemGameManager.isGamePackage(SemGameManager.java:109)
10-23 16:44:05.993  1781  4046 D SGM:PkgDataHelper: getGamePkgData(). com.example.as1
10-23 16:44:05.993  1781  4046 D SGM:SemGameManager: isGamePackage(), pkgName=com.example.as1, ret=false
10-23 16:44:05.993  1781  4046 I Pageboost: Reset this app info : com.example.as1 
10-23 16:44:06.001 13193 13193 I Routine@Core[4.6.02.0]: MetadataLoaderJobService: onStartJob: collectPackageInBG - com.example.as1
10-23 16:44:06.005 13193 13193 I Routine@Core[4.6.02.0]: MetadataLoaderJobService: packageName : com.example.as1, forced : true
10-23 16:44:06.013 13193 13339 I Routine@Core[4.6.02.0]: MetadataLoadManager: collect: com.example.as1
10-23 16:44:06.013 13193 13339 I Routine@Core[4.6.02.0]: MetadataLoadManager: collectWithCollectors - com.example.as1
10-23 16:44:06.026 13242 13242 I FILP/PackageIntentReceiver: pkgName : com.example.as1
10-23 16:44:06.030 13193 13339 I Routine@Core[4.6.02.0]: MetadataLoadManager: doPostCollectionTasks - packageName:com.example.as1
10-23 16:44:06.036  4044  4126 D BluetoothEventManager: AppPackageChangedHandler: package name = com.example.as1
10-23 16:44:06.044  1781  3961 D SGM:GameManager: identifyGamePackage. com.example.as1, mCurrentUserId: 0, callerUserId: 0, callingMethodInfo: com.samsung.android.game.SemGameManager.isGamePackage(SemGameManager.java:109)
10-23 16:44:06.044  1781  3961 D SGM:PkgDataHelper: getGamePkgData(). com.example.as1
10-23 16:44:06.045  1781  3961 D SGM:SemGameManager: isGamePackage(), pkgName=com.example.as1, ret=false
10-23 16:44:06.076  1781  4046 I Pageboost: add app to global @ runtime: com.example.as1
10-23 16:44:06.098 13242 13242 I FILP/PackageIntentReceiver: pkgName : com.example.as1
10-23 16:44:06.142 12975 12975 I Finsky  : [2] uba.d(67): IQ: onPackageRemoved com.example.as1, replacing=true, uninstallingFromPlay=false
10-23 16:44:06.143 12975 12975 I Finsky  : [2] lvl.f(7): AIM: AppInfoCacheUpdater -> invalidating apps: [com.example.as1]
10-23 16:44:06.147 12975 13007 I Finsky  : [111] lxg.a(47): AIM: AppInfoManager-Perf > OnDeviceAppInfo > cacheHitCount=0, cacheMissCount=1. Missed  in cache (limit 10) : [com.example.as1]
10-23 16:44:06.206 13242 15275 I FILP/c  : removeFromFS : com.example.as1, cursor size : 0
10-23 16:44:06.213 13242 15275 I FILP/c  : Delete DB result : com.example.as1, 0
10-23 16:44:06.216 13242 15275 I FILP/c  : uninstallFilters mPackageName: com.example.as1
10-23 16:44:06.229  2289 15289 I ProximityAuth: [RecentAppsMediator] Package added: (user=UserHandle{0}) com.example.as1
10-23 16:44:06.230  1345  1345 E audit   : type=1400 audit(1729719846.226:154773): avc:  denied  { ioctl } for  pid=2289 comm="n.PACKAGE_ADDED" path="/data/app/~~7bgFPokARiF7irl-1YaABA==/com.example.as1-9lSi6xenOA22x7lG9-sXcA==/base.apk" dev="incremental-fs" ino=1186825 ioctlcmd=0x6722 scontext=u:r:gmscore_app:s0:c512,c768 tcontext=u:object_r:apk_data_file:s0 tclass=file permissive=0 SEPF_SM-G991U_12_0001 audit_filtered
10-23 16:44:06.238 12975 12975 I Finsky  : [2] lvl.f(7): AIM: AppInfoCacheUpdater -> invalidating apps: [com.example.as1]
10-23 16:44:06.246 12975 13028 I Finsky  : [124] lxg.a(47): AIM: AppInfoManager-Perf > OnDeviceAppInfo > cacheHitCount=0, cacheMissCount=1. Missed  in cache (limit 10) : [com.example.as1]
10-23 16:44:06.247 13193 13193 I Routine@Core[4.6.02.0]: MetadataLoaderJobService: metadataLoadingFinished: collectPackageInBG - com.example.as1
10-23 16:44:06.287  4044  4044 D Navbar.Store: handleEvent(0) OnPackageRemoved(packageName=com.example.as1) [Module] NavBarStoreImpl
10-23 16:44:06.299  8227 15299 W SQLiteLog: (28) double-quoted string literal: "com.example.as1"
10-23 16:44:06.305  4044  4155 D PluginActionManager: queryPkg com.example.as1 com.android.systemui.action.PLUGIN_NOTIFICATION_MENU_ROW
10-23 16:44:06.310  4044  4155 D PluginActionManager: queryPkg com.example.as1 com.android.systemui.action.PLUGIN_NOTIFICATION_MENU_ROW
10-23 16:44:06.311  4044  4155 D PluginActionManager: queryPkg com.example.as1 com.android.systemui.action.PEOPLE_HUB_PERSON_EXTRACTOR
10-23 16:44:06.311  4044  4155 D PluginActionManager: queryPkg com.example.as1 com.android.systemui.action.PLUGIN_GLOBAL_ACTIONS
10-23 16:44:06.311  4044  4155 D PluginActionManager: queryPkg com.example.as1 com.android.systemui.action.PLUGIN_NOTIFICATION_ASSISTANT
10-23 16:44:06.311  4044  4155 D PluginActionManager: queryPkg com.example.as1 com.android.systemui.action.PLUGIN_OVERLAY
10-23 16:44:06.312  4044  4155 D PluginActionManager: queryPkg com.example.as1 com.android.systemui.action.PLUGIN_QS
10-23 16:44:06.312  4044  4155 D PluginActionManager: queryPkg com.example.as1 com.android.systemui.action.PLUGIN_VOLUME
10-23 16:44:06.312  4044  4155 D PluginActionManager: queryPkg com.example.as1 com.android.systemui.action.PLUGIN_CLOCK_PROVIDER
10-23 16:44:06.312  4044  4155 D PluginActionManager: queryPkg com.example.as1 com.android.systemui.action.PLUGIN_SENSOR_MANAGER
10-23 16:44:06.312  4044  4155 D PluginActionManager: queryPkg com.example.as1 com.android.systemui.action.PLUGIN_NOTIFICATION_MENU_ROW
10-23 16:44:06.312  4044  4155 D PluginActionManager: queryPkg com.example.as1 com.android.systemui.action.PLUGIN_QS_FACTORY
10-23 16:44:06.313  4044  4155 D PluginActionManager: queryPkg com.example.as1 com.android.systemui.action.PLUGIN_TOAST
10-23 16:44:06.313  4044  4155 D PluginActionManager: queryPkg com.example.as1 com.android.systemui.action.PLUGIN_NOTIFICATION_MENU_ROW
10-23 16:44:06.313  4044  4155 D PluginActionManager: queryPkg com.example.as1 com.samsung.systemui.action.PLUGIN_FACE_WIDGET
10-23 16:44:06.313  4044  4155 D PluginActionManager: queryPkg com.example.as1 com.android.systemui.action.PLUGIN_NOTIFICATION_MENU_ROW
10-23 16:44:06.313  4044  4155 D PluginActionManager: queryPkg com.example.as1 com.android.systemui.action.PLUGIN_NOTIFICATION_MENU_ROW
10-23 16:44:06.313  4044  4155 D PluginActionManager: queryPkg com.example.as1 com.android.systemui.action.PEOPLE_HUB_PERSON_EXTRACTOR
10-23 16:44:06.313  4044  4155 D PluginActionManager: queryPkg com.example.as1 com.android.systemui.action.PLUGIN_GLOBAL_ACTIONS
10-23 16:44:06.313  4044  4155 D PluginActionManager: queryPkg com.example.as1 com.android.systemui.action.PLUGIN_NOTIFICATION_ASSISTANT
10-23 16:44:06.314  4044  4155 D PluginActionManager: queryPkg com.example.as1 com.android.systemui.action.PLUGIN_OVERLAY
10-23 16:44:06.314  4044  4155 D PluginActionManager: queryPkg com.example.as1 com.android.systemui.action.PLUGIN_QS
10-23 16:44:06.314  4044  4155 D PluginActionManager: queryPkg com.example.as1 com.android.systemui.action.PLUGIN_VOLUME
10-23 16:44:06.314  4044  4155 D PluginActionManager: queryPkg com.example.as1 com.android.systemui.action.PLUGIN_CLOCK_PROVIDER
10-23 16:44:06.314  4044  4155 D PluginActionManager: queryPkg com.example.as1 com.android.systemui.action.PLUGIN_SENSOR_MANAGER
10-23 16:44:06.314  4044  4155 D PluginActionManager: queryPkg com.example.as1 com.android.systemui.action.PLUGIN_NOTIFICATION_MENU_ROW
10-23 16:44:06.314  4044  4155 D PluginActionManager: queryPkg com.example.as1 com.android.systemui.action.PLUGIN_QS_FACTORY
10-23 16:44:06.314  4044  4155 D PluginActionManager: queryPkg com.example.as1 com.android.systemui.action.PLUGIN_TOAST
10-23 16:44:06.314  4044  4155 D PluginActionManager: queryPkg com.example.as1 com.android.systemui.action.PLUGIN_NOTIFICATION_MENU_ROW
10-23 16:44:06.315  4044  4155 D PluginActionManager: queryPkg com.example.as1 com.samsung.systemui.action.PLUGIN_FACE_WIDGET
10-23 16:44:06.324  6139  6139 W SAPackageEventReceiver: PACKAGE_REMOVED intent came late : com.example.as1
10-23 16:44:06.324  6139  6139 I SAPackageEventReceiver: App com.example.as1 was installed.
10-23 16:44:06.324  6139  6139 I SAPackageEventReceiver: registerService : com.example.as1
10-23 16:44:06.325  4922  4922 E HMPackageReceiver: This package will be replaced = com.example.as1
10-23 16:44:06.329  4922  4922 I PM::HMPackageBroadcastReceiver: isEssentialProvider(com.example.as1) = false
10-23 16:44:06.330  4922  4922 I CommonUtils: isCompanionApp packageInfo = PackageInfo{d57fee com.example.as1}
10-23 16:44:06.330  4922  4922 I PM::HMPackageBroadcastReceiver: isCompanionApp(com.example.as1) = false
10-23 16:44:06.330  4922  4922 I PM::HMPackageBroadcastReceiver: isWatchApp(com.example.as1) = false
10-23 16:44:06.331  4922  4922 I PM::HMPackageBroadcastReceiver: com.example.as1 has not METADATA for EULA agreement
10-23 16:44:06.331  4922  4922 I PM::HMPackageBroadcastReceiver: onReceive(), com.example.as1 is installed, requesting to sync...
10-23 16:44:06.332  4922  4922 I StatusUtils: ST::StatusUtils::isRequiredPacakgeWearable()::deviceID=[##:##:##:##:72:3F] packageName=[com.example.as1]
10-23 16:44:06.332  4922  4922 I StatusUtils: ST::StatusUtils::isRequiredPacakgeWearable::packageName=[com.example.as1] ret=false
10-23 16:44:06.334  4922  4922 I PM::HMPackageBroadcastReceiver: Updated package: com.example.as1
10-23 16:44:06.334  4922  4922 I PM::HMPackageBroadcastReceiver: isPluginupdatecase(com.example.as1) = false
10-23 16:44:06.335  4044  4044 D FaceWidgetMusicViewModel: onPackageRemoved() pkg = com.example.as1, r = true
10-23 16:44:06.335  4044  4044 D FaceWidgetMetadataParser: removePackage() key = com.example.as1
10-23 16:44:06.335  4044  4044 D FaceWidgetMetadataParser: updatePackage() com.example.as1 true
10-23 16:44:06.335  4044  4044 D FaceWidgetMetadataParser: removePackage() key = com.example.as1
10-23 16:44:06.645  1781  2019 I SGM:GameManager: PkgUpdateReceiver, onPackageAdded : com.example.as1 userHandle : UserHandle{0} userId : 0
10-23 16:44:06.646  1781  3202 D SGM:GosNotifyThread: notifyPackageChangedToGos(), before send intent to GOS. type:15, changeType: 0, pkgName:com.example.as1, userHandleId:0
10-23 16:44:06.646  1781  3202 I SGM:GosNotifyThread: notifyPackageChangedToGos(), category from pm: com.example.as1, [0/-1]
10-23 16:44:06.656  1781  2019 D LauncherApps: onPackageChanged 0,com.example.as1
10-23 16:44:06.656  4044  4151 D LauncherApps: onPackageChanged 0,com.example.as1
10-23 16:44:06.656  3559  3559 I HoneySpace.PackageOperationTracker: onPackageChanged - com.example.as1 UserHandle{0}
10-23 16:44:06.657  5111  5666 D LauncherApps: onPackageChanged 0,com.example.as1
10-23 16:44:06.658  3559 14912 I HoneySpace.PackageSourceImpl: addActivityToList [ADD] : com.example.as1/com.godot.game.GodotApp#UserHandle{0}
10-23 16:44:06.658  3559 14912 I HoneySpace.IconCache: remove icon cache & DB : com.example.as1 UserHandle{0}
10-23 16:44:06.660  8157 15373 I GOS:GameIntentService: onHandleIntent. GameIntentService. type: 15, pkgName: com.example.as1
10-23 16:44:06.701  8157 15373 I GOS:GameIntentService: onPackageChanged(). extras: Bundle[{changeType=0, manifestCategory=0, userId=0, pkgName=com.example.as1, type=15, packageName=com.example.as1, categoryOverride=-1}]
10-23 16:44:06.701  8157 15373 I GOS:GameIntentService: onPackageChanged(). changeType(INSTALLED), pkgName(com.example.as1), UserHandle(0), userId(0), Installed(true)
10-23 16:44:06.702  8157 15373 I GOS:GameIntentService: onPkgInstalled(), appInfoCategory: null, packageName: com.example.as1
10-23 16:44:06.710  3559 14912 I AppIconSolution: getThemeIconWithBG called with public API, pkg = com.example.as1, mode = 48
10-23 16:44:06.710  3559 14912 I AppIconSolution: return adaptive icon for com.example.as1, isNight = true
10-23 16:44:06.710  3559 14912 I LauncherActivityInfo: packageName: com.example.as1, useThemeIcon: false, height: 288, width: 288, density: 640
10-23 16:44:06.717  3559  9374 I HoneySpace.IconCache: add icon DB: [com.example.as1/com.godot.game.GodotApp#UserHandle{0}] - IconAndLabel(icon=android.graphics.Bitmap@e6b82a2, label=Animal Schramble) | false | 640 | false
10-23 16:44:06.718  3559  3559 I HoneySpace.HoneySpaceManagerContainer: refreshHoneyPlugin, packageName: com.example.as1
10-23 16:44:06.718  3559 10799 I HoneySpace.HoneySpacePackageSourceImpl: Package changed : com.example.as1
10-23 16:44:06.718  3559 10799 I HoneySpace.HoneySpacePackageSourceImpl: addActiveItem [ADD] : com.example.as1/com.godot.game.GodotApp#UserHandle{0}
10-23 16:44:06.718  3559 14911 I SearchableManager: invalidate: com.example.as1
10-23 16:44:06.732  1781  2019 D MetaDataCollector: onReceive: done pkgName=com.example.as1
10-23 16:44:06.735  1781  2019 I SGM:GameManager: PkgUpdateReceiver, onPackageReplaced : com.example.as1 userID : UserHandle{0}
10-23 16:44:06.735  1781  2019 D MetaDataCollector: onReceive: done pkgName=com.example.as1
10-23 16:44:06.735  1781  3202 D SGM:GosNotifyThread: notifyPackageChangedToGos(), before send intent to GOS. type:15, changeType: 8, pkgName:com.example.as1, userHandleId:0
10-23 16:44:06.735  1781  3202 I SGM:GosNotifyThread: notifyPackageChangedToGos(), category from pm: com.example.as1, [0/-1]
10-23 16:44:06.739  8157 15381 I GOS:GameIntentService: onHandleIntent. GameIntentService. type: 15, pkgName: com.example.as1
10-23 16:44:06.781  8157 15381 I GOS:GameIntentService: onPackageChanged(). extras: Bundle[{changeType=8, manifestCategory=0, userId=0, pkgName=com.example.as1, type=15, packageName=com.example.as1, categoryOverride=-1}]
10-23 16:44:06.781  8157 15381 I GOS:GameIntentService: onPackageChanged(). changeType(REPLACED), pkgName(com.example.as1), UserHandle(0), userId(0), Installed(true)
10-23 16:44:07.119  3559  9374 I SearchEngineAppSuggestion: package changed: com.example.as1
10-23 16:44:07.121  3559  9374 I SearchEngine: isComponentInApps() packageName : com.example.as1 / className : com.godot.game.GodotApp / userId : 0 / enable true / enabledSetting 0
10-23 16:44:07.348  4044  4044 I AppWidgetDataProvider:  updatePackageChangeData type  1 , pack type 1  ,  pkg com.example.as1
10-23 16:44:07.485  1781  1910 I ChimeraSystemEventListener: appLaunchIntent package name is: com.example.as1
10-23 16:44:07.496  1781  4114 V WindowManager: Collecting in transition 4961: ActivityRecord{6ff2d0b u0 com.example.as1/com.godot.game.GodotApp, caller=com.android.server.wm.Transition.collect:759 com.android.server.wm.TransitionController.collect:935 com.android.server.wm.ActivityStarter.startActivityUnchecked:2376 com.android.server.wm.ActivityStarter.executeRequest:1953 com.android.server.wm.ActivityStarter.execute:1093 
10-23 16:44:07.496  1781  4114 D ActivityTaskManager: TaskLaunchParamsModifier:task=null activity=ActivityRecord{6ff2d0b u0 com.example.as1/com.godot.game.GodotApp t-1} display-id=0 task-display-area-windowing-mode=1 suggested-display-area=DefaultTaskDisplayArea_d0@3121700
10-23 16:44:07.497  1781  4114 D ActivityTaskManager: TaskLaunchParamsModifier:task=null activity=ActivityRecord{6ff2d0b u0 com.example.as1/com.godot.game.GodotApp t-1} display-id=0 task-display-area-windowing-mode=1 suggested-display-area=DefaultTaskDisplayArea_d0@3121700 non-freeform-task-display-area display-area=DefaultTaskDisplayArea_d0@3121700 activity-requested-landscape freeform-size-mismatch=Rect(81, 568 - 999, 1768)
10-23 16:44:07.500  1781  4114 D ActivityTaskManager: TaskLaunchParamsModifier:task=Task{be1b7e8 #47231 type=standard A=10265:com.example.as1} activity=ActivityRecord{6ff2d0b u0 com.example.as1/com.godot.game.GodotApp t-1} display-from-task=0 display-id=0 task-display-area-windowing-mode=1 suggested-display-area=DefaultTaskDisplayArea_d0@3121700 inherit-from-task=fullscreen non-freeform-task-display-area display-area=DefaultTaskDisplayArea_d0@3121700 activity-requested-landscape freeform-size-mismatch=Rect(81, 568 - 999, 1768)
10-23 16:44:07.500  1781  4114 V WindowManager: Collecting in transition 4961: Task{be1b7e8 #47231 type=standard A=10265:com.example.as1}, caller=com.android.server.wm.Transition.collect:759 com.android.server.wm.Transition.collectExistenceChange:942 com.android.server.wm.TransitionController.collectExistenceChange:985 com.android.server.wm.ActivityStarter.setNewTask:4727 com.android.server.wm.ActivityStarter.startActivityInner:2944 
10-23 16:44:07.500  1676  1861 I SurfaceFlinger: id=58050 createSurf, flag=84004, ActivityRecord{6ff2d0b u0 com.example.as1/com.godot.game.GodotApp t47231}#58050
10-23 16:44:07.501  1781  4114 D ActivityTaskManager: Add starting ActivityRecord{6ff2d0b u0 com.example.as1/com.godot.game.GodotApp t47231}: typeParam=139 startingData=com.android.server.wm.SplashScreenStartingData@ce214a6
10-23 16:44:07.502  1781  4114 V WindowManager: Added starting ActivityRecord{6ff2d0b u0 com.example.as1/com.godot.game.GodotApp t47231}: startingWindow=null startingView=com.android.server.wm.StartingSurfaceController$StartingSurface@cf18ee7
10-23 16:44:07.503  1781  4114 V WindowManager: Collecting in transition 4961: ActivityRecord{6ff2d0b u0 com.example.as1/com.godot.game.GodotApp t47231}, caller=com.android.server.wm.Transition.collect:759 com.android.server.wm.Transition.collectExistenceChange:942 com.android.server.wm.TransitionController.collectExistenceChange:985 com.android.server.wm.ActivityStarter.handleStartResult:2557 com.android.server.wm.ActivityStarter.startActivityUnchecked:2384 
10-23 16:44:07.503  1781  4114 I ActivityTaskManager: START u0 {act=android.intent.action.MAIN flg=0x10000000 cmp=com.example.as1/com.godot.game.GodotApp} with LAUNCH_SINGLE_INSTANCE_PER_TASK from uid 2000 (BAL_ALLOW_PERMISSION) result code=0
10-23 16:44:07.509  1781  8299 D WindowManager: prepareSync <SYNC_STATE_WAITING_FOR_DRAW>, mPrepareSyncSeqId=0, win=Window{98ad532 u0 Splash Screen com.example.as1}
10-23 16:44:07.509  1676  1746 I SurfaceFlinger: id=58051 createSurf, flag=84004, 98ad532 Splash Screen com.example.as1#58051
10-23 16:44:07.509  1781  8299 V WindowManager: addWindow: ActivityRecord{6ff2d0b u0 com.example.as1/com.godot.game.GodotApp t47231} startingWindow=Window{98ad532 u0 Splash Screen com.example.as1}
10-23 16:44:07.510  4044  4102 V WindowManagerShell: Transition requested: android.os.BinderProxy@2afa8b9 TransitionRequestInfo { type = OPEN, triggerTask = TaskInfo{userId=0 taskId=47231 displayId=0 isRunning=true baseIntent=Intent { act=android.intent.action.MAIN flg=0x10000000 cmp=com.example.as1/com.godot.game.GodotApp } baseActivity=ComponentInfo{com.example.as1/com.godot.game.GodotApp} topActivity=ComponentInfo{com.example.as1/com.godot.game.GodotApp} origActivity=null realActivity=ComponentInfo{com.example.as1/com.godot.game.GodotApp} numActivities=1 lastActiveTime=396707547 supportsMultiWindow=true resizeMode=2 isResizeable=true minWidth=-1 minHeight=-1 maxWidth=-1 maxHeight=-1 defaultMinSize=220 token=WCT{android.window.IWindowContainerToken$Stub$Proxy@24964fe} topActivityType=1 pictureInPictureParams=null shouldDockBigOverlays=false launchIntoPipHostTaskId=-1 lastParentTaskIdBeforePip=-1 displayCutoutSafeInsets=Rect(0, 80 - 0, 0) topActivityInfo=ActivityInfo{79945f com.godot.game.GodotApp} launchCookies=[] positionInParent=Point(0, 0) parentTaskId=-1 isFocused=false isVisible=false isVisibleRequested=false isSleeping=false topActivityInSizeCompat=false topActivityEligibleForLetterboxEducation= false topActivityLetterboxed= false isFromDoubleTap= false topActivityLetterboxVerticalPosition= -1 topActivityLetterboxHorizontalPosition= -1 topActivityLetterboxWidth=-1 topActivityLetterboxHeight=-1 locusId=null displayAreaFeatureId=1 cameraCompatControlState=hidden originallySupportedMultiWindow=true hasWallpaper=false topActivityInFixedAspectRatio=false rootAffinity=10265:com.example.as1 topActivityInDisplayCompat=false topActivityInBoundsCompat=false topActivityBounds=null singleTapFromLetterbox=false isTopTaskInStage=false topActivityUiMode=33 CoverLauncherWidgetTask=false CoverScreenTask=false isAllowedSeamlessRotation=false isTopTransparentActivity=false hasPopOver=false}, remoteTransition = null, displayChange = null }
10-23 16:44:07.511  4044  4124 I InsetsController: onStateChanged: host=Splash Screen com.example.as1, from=android.view.ViewRootImpl.setView:1753, state=InsetsState: {mDisplayFrame=Rect(0, 0 - 1080, 2400), mDisplayCutout=DisplayCutout{insets=Rect(0, 80 - 0, 0) waterfall=Insets{left=0, top=0, right=0, bottom=0} boundingRect={Bounds=[Rect(0, 0 - 0, 0), Rect(510, 0 - 570, 80), Rect(0, 0 - 0, 0), Rect(0, 0 - 0, 0)]} cutoutPathParserInfo={CutoutPathParserInfo{displayWidth=1080 displayHeight=2400 physicalDisplayWidth=1080 physicalDisplayHeight=2400 density={3.0} cutoutSpec={M 0,0 H -10 V 26.66666666666667 H 10 V 0 H 0 Z @dp} rotation={0} scale={1.0} physicalPixelDisplaySizeRatio={1.0}}}}, mRoundedCorners=RoundedCorners{[RoundedCorner{position=TopLeft, radius=90, center=Point(90, 90)}, RoundedCorner{position=TopRight, radius=90, center=Point(990, 90)}, RoundedCorner{position=BottomRight, radius=90, center=Point(990, 2310)}, RoundedCorner{position=BottomLeft, radius=90, center=Point(90, 2310)}]}  mRoundedCornerFrame=Rect(0, 0 - 1080, 2400), mPrivacyIndicatorBounds=PrivacyIndicatorBounds {static bounds=Rect(948, 0 - 1080, 80) rotation=0}, mDisplayShape=DisplayShape{ spec=-311912193 displayWidth=1080 displayHeight=2400 physicalPixelDisplaySizeRatio=1.0 rotation=0 offsetX=0 offsetY=0 scale=1.0}, mSources= { InsetsSource: {27 mType=displayCutout mFrame=[0,0][1080,80] mVisible=true mFlags=[]}, InsetsSource: {e30000 mType=statusBars mFrame=[0,0][1080,80] mVisible=true mFlags=[]}, InsetsSource: {e30005 mType=mandatorySystemGestures mFrame=[0,0][1080,116] mVisible=true mFlags=[]}, InsetsSource: {e30006 mType=tappableElement mFrame=[0,0][1080,80] mVisible=true mFlags=[]}, InsetsSource: {4fc30001 mType=navigationBars mFrame=[0,2256][1080,2400] mVisible=true mFlags=[]}, InsetsSource: {4fc30004 mType=systemGestures mFrame=[0,0][0,0] mVisible=true mFlags=[]}, InsetsSource: {4fc30005 mType=mandatorySystemGestures mFrame=[0,2256][1080,2400] mVisible=true mFlags=[]}, InsetsSource: {4fc30006 mType=tappableElement mFrame=[0,2256][1080,2400] mVisible=true mFlags=[]}, InsetsSource: {4fc30024 mType=systemGestures mFrame=[0,0][0,0] mVisible=true mFlags=[]} }
10-23 16:44:07.513  1781  4114 V WindowManager: Collecting in transition 4961: ActivityRecord{6ff2d0b u0 com.example.as1/com.godot.game.GodotApp t47231}, caller=com.android.server.wm.Transition.collect:759 com.android.server.wm.TransitionController.collect:935 com.android.server.wm.ActivityRecord.setVisibility:6348 com.android.server.wm.ActivityRecord.setVisibility:6300 com.android.server.wm.EnsureActivitiesVisibleHelper.makeVisibleAndRestartIfNeeded:337 
10-23 16:44:07.524  1781  2035 I ActivityManager: Start proc 15396:com.example.as1/u0a265 for next-top-activity {com.example.as1/com.godot.game.GodotApp}
10-23 16:44:07.524  1781  2035 D DynamicHiddenApp_BGProtectManager: [SecIpm] it's a ML_TYPE_EMPTYPROCESS protected process com.example.as1
10-23 16:44:07.526  1781  8299 D CoreBackPreview: Window{98ad532 u0 Splash Screen com.example.as1}: Setting back callback OnBackInvokedCallbackInfo{mCallback=android.window.IOnBackInvokedCallback$Stub$Proxy@95a24af, mPriority=0, mIsAnimationCallback=false}
10-23 16:44:07.526  1781  1811 V WindowManager: Relayout Window{98ad532 u0 Splash Screen com.example.as1}: viewVisibility=0 req=1080x2400 ty=3 d0
10-23 16:44:07.526  1676  1746 I SurfaceFlinger: id=58052 createSurf, flag=44004, Splash Screen com.example.as1$_4044#58052
10-23 16:44:07.527  1781  1811 D WindowManager: makeSurface duration=0 name=Splash Screen com.example.as1$_4044
10-23 16:44:07.529  1781  1811 D WindowManager: rotationForOrientation, orientationSource=ActivityRecord{6ff2d0b u0 com.example.as1/com.godot.game.GodotApp t47231}
10-23 16:44:07.529  1781  1811 D ActivityTaskManager: applyFixedRotationTransform, r=ActivityRecord{6ff2d0b u0 com.example.as1/com.godot.game.GodotApp t47231}, caller=com.android.server.wm.DisplayContent.startFixedRotationTransform:2538 com.android.server.wm.DisplayContent.setFixedRotationLaunchingApp:2474 com.android.server.wm.DisplayContent.handleTopActivityLaunchingInDifferentOrientation:2372 com.android.server.wm.DisplayContent.updateOrientation:2170 com.android.server.wm.DisplayContent.updateOrientation:2066 
10-23 16:44:07.531  1781  1811 D WindowManager: setFixedRotationLaunchingAppUnchecked, rotation=1, r=ActivityRecord{6ff2d0b u0 com.example.as1/com.godot.game.GodotApp t47231}, caller=com.android.server.wm.DisplayContent.setFixedRotationLaunchingApp:2476 com.android.server.wm.DisplayContent.handleTopActivityLaunchingInDifferentOrientation:2372 com.android.server.wm.DisplayContent.updateOrientation:2170 com.android.server.wm.DisplayContent.updateOrientation:2066 com.android.server.wm.WindowManagerService.relayoutWindow:2792 
10-23 16:44:07.532  4044  4124 I InsetsController: onStateChanged: host=Splash Screen com.example.as1, from=android.view.ViewRootImpl.relayoutWindow:10072, state=InsetsState: {mDisplayFrame=Rect(0, 0 - 2400, 1080), mDisplayCutout=DisplayCutout{insets=Rect(80, 0 - 0, 0) waterfall=Insets{left=0, top=0, right=0, bottom=0} boundingRect={Bounds=[Rect(0, 510 - 80, 570), Rect(0, 0 - 0, 0), Rect(0, 0 - 0, 0), Rect(0, 0 - 0, 0)]} cutoutPathParserInfo={CutoutPathParserInfo{displayWidth=1080 displayHeight=2400 physicalDisplayWidth=1080 physicalDisplayHeight=2400 density={3.0} cutoutSpec={M 0,0 H -10 V 26.66666666666667 H 10 V 0 H 0 Z @dp} rotation={1} scale={1.0} physicalPixelDisplaySizeRatio={1.0}}}}, mRoundedCorners=RoundedCorners{[RoundedCorner{position=TopLeft, radius=90, center=Point(90, 90)}, RoundedCorner{position=TopRight, radius=90, center=Point(2310, 90)}, RoundedCorner{position=BottomRight, radius=90, center=Point(2310, 990)}, RoundedCorner{position=BottomLeft, radius=90, center=Point(90, 990)}]}  mRoundedCornerFrame=Rect(0, 0 - 1080, 2400), mPrivacyIndicatorBounds=PrivacyIndicatorBounds {static bounds=Rect(2268, 0 - 2400, 72) rotation=1}, mDisplayShape=DisplayShape{ spec=-311912193 displayWidth=1080 displayHeight=2400 physicalPixelDisplaySizeRatio=1.0 rotation=1 offsetX=0 offsetY=0 scale=1.0}, mSources= { InsetsSource: {7 mType=displayCutout mFrame=[0,0][80,1080] mVisible=true mFlags=[]}, InsetsSource: {e30000 mType=statusBars mFrame=[0,0][2400,72] mVisible=true mFlags=[]}, InsetsSource: {e30005 mType=mandatorySystemGestures mFrame=[0,0][2400,72] mVisible=true mFlags=[]}, InsetsSource: {e30006 mType=tappableElement mFrame=[0,0][2400,72] mVisible=true mFlags=[]}, InsetsSource: {4fc30001 mType=navigationBars mFrame=[2256,0][2400,1080] mVisible=true mFlags=[]}, InsetsSource: {4fc30004 mType=systemGestures mFrame=[0,0][0,0] mVisible=true mFlags=[]}, InsetsSource: {4fc30005 mType=mandatorySystemGestures mFrame=[2256,0][2400,1080] mVisible=true mFlags=[]}, InsetsSource: {4fc30006 mType=tappableElement mFrame=[2256,0][2400,1080] mVisible=true mFlags=[]}, InsetsSource: {4fc30024 mType=systemGestures mFrame=[0,0][0,0] mVisible=true mFlags=[]} }
10-23 16:44:07.538 15396 15396 I com.example.as1: Late-enabling -Xcheck:jni
10-23 16:44:07.543  1781  1811 D WindowManager: finishDrawingWindow: Window{98ad532 u0 Splash Screen com.example.as1} mDrawState=DRAW_PENDING seqId=0
10-23 16:44:07.543  1781  1811 V WindowManager: Finishing drawing window Window{98ad532 u0 Splash Screen com.example.as1}: mDrawState=DRAW_PENDING
10-23 16:44:07.543  1781  1811 V WindowManager: Draw state now committed in Window{98ad532 u0 Splash Screen com.example.as1}
10-23 16:44:07.545  1781  1911 V WindowManager: performShowLocked: mDrawState=HAS_DRAWN in Window{98ad532 u0 Splash Screen com.example.as1}
10-23 16:44:07.545  1781  1911 V WindowManager: Start calculating TransitionInfo based on participants: {ActivityRecord{55c0291 u0 com.sec.android.app.launcher/.activities.LauncherActivity t46911}, ActivityRecord{6ff2d0b u0 com.example.as1/com.godot.game.GodotApp t47231}, WallpaperWindowToken{95d2f05 token=android.os.Binder@901ca7c}, Task{be1b7e8 #47231 type=standard A=10265:com.example.as1}}
10-23 16:44:07.545  1781  1911 V WindowManager:   Final targets: [Task{be1b7e8 #47231 type=standard A=10265:com.example.as1}, Task{87497fd #1 type=home}]
