10-23 16:39:28.204  1781 10778 D InsetsSourceProvider: updateVisibility: serverVisible=true, clientVisible=false, source=InsetsSource: {e30000 mType=statusBars mFrame=[0,0][2400,72] mVisible=false mFlags=[]}, controlTarget=Window{6b9ea35 u0 com.example.as1/com.godot.game.GodotApp}, from=com.android.server.wm.InsetsSourceProvider.setClientVisible:606 com.android.server.wm.InsetsSourceProvider.updateClientVisibility:593 com.android.server.wm.InsetsStateController.onInsetsModified:275 com.android.server.wm.InsetsStateController.lambda$notifyPendingInsetsControlChanged$3:434 com.android.server.wm.InsetsStateController.$r8$lambda$8yykPRG1GyNq_J17QvL9d5xANMc:0 com.android.server.wm.InsetsStateController$$ExternalSyntheticLambda2.run:0 com.android.server.wm.WindowAnimator.executeAfterPrepareSurfacesRunnables:294 com.android.server.wm.RootWindowContainer.performSurfacePlacementNoTrace:991 com.android.server.wm.RootWindowContainer.performSurfacePlacement:926 com.android.server.wm.WindowSurfacePlacer.performSurfacePlacementLoop:185 
10-23 16:39:28.206 13418 13418 I InsetsController: onStateChanged: host=com.example.as1/com.godot.game.GodotApp, from=android.view.ViewRootImpl$ViewRootHandler.handleMessageImpl:7209, state=InsetsState: {mDisplayFrame=Rect(0, 0 - 2400, 1080), mDisplayCutout=DisplayCutout{insets=Rect(80, 0 - 0, 0) waterfall=Insets{left=0, top=0, right=0, bottom=0} boundingRect={Bounds=[Rect(0, 510 - 80, 570), Rect(0, 0 - 0, 0), Rect(0, 0 - 0, 0), Rect(0, 0 - 0, 0)]} cutoutPathParserInfo={CutoutPathParserInfo{displayWidth=1080 displayHeight=2400 physicalDisplayWidth=1080 physicalDisplayHeight=2400 density={3.0} cutoutSpec={M 0,0 H -10 V 26.66666666666667 H 10 V 0 H 0 Z @dp} rotation={1} scale={1.0} physicalPixelDisplaySizeRatio={1.0}}}}, mRoundedCorners=RoundedCorners{[RoundedCorner{position=TopLeft, radius=90, center=Point(90, 90)}, RoundedCorner{position=TopRight, radius=90, center=Point(2310, 90)}, RoundedCorner{position=BottomRight, radius=90, center=Point(2310, 990)}, RoundedCorner{position=BottomLeft, radius=90, center=Point(90, 990)}]}  mRoundedCornerFrame=Rect(0, 0 - 2400, 1080), mPrivacyIndicatorBounds=PrivacyIndicatorBounds {static bounds=Rect(2268, 0 - 2400, 72) rotation=1}, mDisplayShape=DisplayShape{ spec=-311912193 displayWidth=1080 displayHeight=2400 physicalPixelDisplaySizeRatio=1.0 rotation=1 offsetX=0 offsetY=0 scale=1.0}, mSources= { InsetsSource: {3 mType=ime mFrame=[0,0][0,0] mVisible=false mFlags=[]}, InsetsSource: {7 mType=displayCutout mFrame=[0,0][80,1080] mVisible=true mFlags=[]}, InsetsSource: {e30000 mType=statusBars mFrame=[0,0][2400,72] mVisible=true mFlags=[]}, InsetsSource: {e30005 mType=mandatorySystemGestures mFrame=[0,0][2400,72] mVisible=true mFlags=[]}, InsetsSource: {e30006 mType=tappableElement mFrame=[0,0][2400,72] mVisible=true mFlags=[]}, InsetsSource: {4fc30001 mType=navigationBars mFrame=[2256,0][2400,1080] mVisible=false mFlags=[]}, InsetsSource: {4fc30004 mType=systemGestures mFrame=[0,0][0,0] mVisible=true mFlags=[]}, InsetsSource: {4fc30005 mType=mandatorySystemGestures mFrame=[2256,0][2400,1080] mVisible=true mFlags=[]}, InsetsSource: {4fc30006 mType=tappableElement mFrame=[2256,0][2400,1080] mVisible=true mFlags=[]}, InsetsSource: {4fc30024 mType=systemGestures mFrame=[0,0][0,0] mVisible=true mFlags=[]} }
10-23 16:39:28.207 13418 13418 I InsetsController: controlAnimationUncheckedInner: Added types=statusBars, animType=1, host=com.example.as1/com.godot.game.GodotApp, from=android.view.InsetsController.controlAnimationUnchecked:1449 android.view.InsetsController.applyAnimation:2005 android.view.InsetsController.applyAnimation:1968 
10-23 16:39:28.216 13418 13418 I InsetsController: onStateChanged: host=com.example.as1/com.godot.game.GodotApp, from=android.view.ViewRootImpl$ViewRootHandler.handleMessageImpl:7196, state=InsetsState: {mDisplayFrame=Rect(0, 0 - 2400, 1080), mDisplayCutout=DisplayCutout{insets=Rect(80, 0 - 0, 0) waterfall=Insets{left=0, top=0, right=0, bottom=0} boundingRect={Bounds=[Rect(0, 510 - 80, 570), Rect(0, 0 - 0, 0), Rect(0, 0 - 0, 0), Rect(0, 0 - 0, 0)]} cutoutPathParserInfo={CutoutPathParserInfo{displayWidth=1080 displayHeight=2400 physicalDisplayWidth=1080 physicalDisplayHeight=2400 density={3.0} cutoutSpec={M 0,0 H -10 V 26.66666666666667 H 10 V 0 H 0 Z @dp} rotation={1} scale={1.0} physicalPixelDisplaySizeRatio={1.0}}}}, mRoundedCorners=RoundedCorners{[RoundedCorner{position=TopLeft, radius=90, center=Point(90, 90)}, RoundedCorner{position=TopRight, radius=90, center=Point(2310, 90)}, RoundedCorner{position=BottomRight, radius=90, center=Point(2310, 990)}, RoundedCorner{position=BottomLeft, radius=90, center=Point(90, 990)}]}  mRoundedCornerFrame=Rect(0, 0 - 2400, 1080), mPrivacyIndicatorBounds=PrivacyIndicatorBounds {static bounds=Rect(2268, 0 - 2400, 72) rotation=1}, mDisplayShape=DisplayShape{ spec=-311912193 displayWidth=1080 displayHeight=2400 physicalPixelDisplaySizeRatio=1.0 rotation=1 offsetX=0 offsetY=0 scale=1.0}, mSources= { InsetsSource: {3 mType=ime mFrame=[0,0][0,0] mVisible=false mFlags=[]}, InsetsSource: {7 mType=displayCutout mFrame=[0,0][80,1080] mVisible=true mFlags=[]}, InsetsSource: {e30000 mType=statusBars mFrame=[0,0][2400,72] mVisible=false mFlags=[]}, InsetsSource: {e30005 mType=mandatorySystemGestures mFrame=[0,0][2400,72] mVisible=true mFlags=[]}, InsetsSource: {e30006 mType=tappableElement mFrame=[0,0][2400,72] mVisible=true mFlags=[]}, InsetsSource: {4fc30001 mType=navigationBars mFrame=[2256,0][2400,1080] mVisible=false mFlags=[]}, InsetsSource: {4fc30004 mType=systemGestures mFrame=[0,0][0,0] mVisible=true mFlags=[]}, InsetsSource: {4fc30005 mType=mandatorySystemGestures mFrame=[2256,0][2400,1080] mVisible=true mFlags=[]}, InsetsSource: {4fc30006 mType=tappableElement mFrame=[2256,0][2400,1080] mVisible=true mFlags=[]}, InsetsSource: {4fc30024 mType=systemGestures mFrame=[0,0][0,0] mVisible=true mFlags=[]} }
10-23 16:39:28.557  1676  1676 D SurfaceFlinger:      CLIENT | 0xb400007c48772d80 | 0102 | RGBA_8888    |    0.0    0.0 2400.0 1080.0 |    0    0 1080 2400 | SurfaceView[com.example.as1/com.godot.game.GodotApp]@0(BLAST)#57938
10-23 16:39:28.581 13418 13418 I InsetsController: cancelAnimation: types=statusBars, animType=1, host=com.example.as1/com.godot.game.GodotApp, from=android.view.InsetsController.notifyFinished:1748 android.view.InsetsAnimationControlImpl.applyChangeInsets:312 android.view.InsetsController.lambda$new$3:918 
10-23 16:39:30.347 12975 12983 W android.vending: ApkAssets: Deleting an ApkAssets object '<empty> and /data/app/~~g52beN-EstBE_Xsi8a0Dqw==/com.example.as1-piadoTFmliKjTTDqPnC9eg==/base.apk' with 1 weak references
10-23 16:39:30.519  1781  4110 D SGM:GameManager: identifyForegroundApp. com.example.as1, mCurrentUserId: 0, callerUserId: 0
10-23 16:39:30.519  1781  4110 D SGM:PkgDataHelper: getGamePkgData(). com.example.as1
10-23 16:39:30.840  1781  1908 D WindowManager: rotationForOrientation, orientationSource=ActivityRecord{2bcfead u0 com.example.as1/com.godot.game.GodotApp t47228}
10-23 16:39:42.290  1676  1759 D RenderEngine: [SEC_GC_CMN_SF_EFFECTS] drawLayersInternal,1279, Rendering layer SurfaceView[com.example.as1/com.godot.game.GodotApp]@0(BLAST)#57938 at index 1
10-23 16:40:12.365  1676  1759 D RenderEngine: [SEC_GC_CMN_SF_EFFECTS] drawLayersInternal,1279, Rendering layer SurfaceView[com.example.as1/com.godot.game.GodotApp]@0(BLAST)#57938 at index 1
10-23 16:40:15.015  1781  2269 I PowerManagerService: [PWL]  SCREEN_BRIGHT_WAKE_LOCK        'WindowManager/displayId:0' ON_AFTER_RELEASE ACQ=-51s944ms (uid=1000 pid=1781 ws=WorkSource{10265 com.example.as1} displayId=0 lock=a1754a8)
10-23 16:40:42.442  1676  1759 D RenderEngine: [SEC_GC_CMN_SF_EFFECTS] drawLayersInternal,1279, Rendering layer SurfaceView[com.example.as1/com.godot.game.GodotApp]@0(BLAST)#57938 at index 1
10-23 16:40:50.310 12975 12975 I Finsky  : [2] anfi.b(67): VerifyApps: Install-time verification requested for package com.example.as1, id = 160
10-23 16:40:50.314  8157  8186 I GOS:GameServiceReceiver:  PkgInstallStarted for com.example.as1 UserID : 0
10-23 16:40:50.323 12975 13015 I Finsky  : [118] VerifyAppsInstallTask.mu(52): VerifyApps: Anti-malware verification task started for package=com.example.as1
10-23 16:40:50.324 12975 13015 I Finsky  : [118] VerifyAppsInstallTask.mu(747): VerifyApps: Skipping anti malware verification (preconditions not met). package=com.example.as1
10-23 16:40:50.336 12975 12975 I Finsky  : [2] VerifyInstallTask.ms(75): VerifyApps: Install-time verification complete: id=160, package_name=com.example.as1
10-23 16:40:50.337  1781  2347 I PackageManager:           pkg{com.example.as1}
10-23 16:40:50.358  1781  2031 I ActivityManager: Force stopping com.example.as1 appid=10265 user=-1: installPackageLI
10-23 16:40:50.360  1781  2031 I ActivityManager: Killing 13418:com.example.as1/u0a265 (adj 0): stop com.example.as1 due to installPackageLI
10-23 16:40:50.361  1781  2031 D ActivityManager: proc ProcessRecord{1d9c963 13418:com.example.as1/u0a265} already removed. so we skip next process.
10-23 16:40:50.361  1781  2031 W ActivityTaskManager: Force removing ActivityRecord{2bcfead u0 com.example.as1/com.godot.game.GodotApp t47228 f}}: app died, no saved state
10-23 16:40:50.363  1781  2031 V WindowManager: Collecting in transition 4951: Task{c244430 #47228 type=standard A=10265:com.example.as1}, caller=com.android.server.wm.Transition.collect:759 com.android.server.wm.Transition.collectExistenceChange:942 com.android.server.wm.TransitionController.collectExistenceChange:985 com.android.server.wm.TransitionController.requestCloseTransitionIfNeeded:923 com.android.server.wm.ActivityRecord.handleAppDied:5124 
10-23 16:40:50.363  1781  2031 D WindowManager: prepareSync <SYNC_STATE_WAITING_FOR_DRAW>, mPrepareSyncSeqId=0, win=Window{6b9ea35 u0 com.example.as1/com.godot.game.GodotApp}
10-23 16:40:50.365  4044  4102 V WindowManagerShell: Transition requested: android.os.BinderProxy@a124978 TransitionRequestInfo { type = CLOSE, triggerTask = TaskInfo{userId=0 taskId=47228 displayId=0 isRunning=false baseIntent=Intent { act=android.intent.action.MAIN flg=0x10000000 cmp=com.example.as1/com.godot.game.GodotApp } baseActivity=null topActivity=null origActivity=null realActivity=ComponentInfo{com.example.as1/com.godot.game.GodotApp} numActivities=0 lastActiveTime=396422528 supportsMultiWindow=true resizeMode=2 isResizeable=true minWidth=-1 minHeight=-1 maxWidth=-1 maxHeight=-1 defaultMinSize=220 token=WCT{android.window.IWindowContainerToken$Stub$Proxy@6fc0851} topActivityType=1 pictureInPictureParams=null shouldDockBigOverlays=false launchIntoPipHostTaskId=-1 lastParentTaskIdBeforePip=-1 displayCutoutSafeInsets=null topActivityInfo=null launchCookies=[] positionInParent=Point(0, 0) parentTaskId=-1 isFocused=true isVisible=true isVisibleRequested=true isSleeping=false topActivityInSizeCompat=false topActivityEligibleForLetterboxEducation= false topActivityLetterboxed= false isFromDoubleTap= false topActivityLetterboxVerticalPosition= -1 topActivityLetterboxHorizontalPosition= -1 topActivityLetterboxWidth=-1 topActivityLetterboxHeight=-1 locusId=null displayAreaFeatureId=1 cameraCompatControlState=hidden originallySupportedMultiWindow=true hasWallpaper=false topActivityInFixedAspectRatio=false rootAffinity=10265:com.example.as1 topActivityInDisplayCompat=false topActivityInBoundsCompat=false topActivityBounds=null singleTapFromLetterbox=false isTopTaskInStage=false CoverLauncherWidgetTask=false CoverScreenTask=false isAllowedSeamlessRotation=false isTopTransparentActivity=true hasPopOver=false}, remoteTransition = null, displayChange = null }
10-23 16:40:50.369  1781  2031 V WindowManager: Collecting in transition 4951: ActivityRecord{2bcfead u0 com.example.as1/com.godot.game.GodotApp t47228 f}}, caller=com.android.server.wm.Transition.collect:759 com.android.server.wm.TransitionController.collect:935 com.android.server.wm.ActivityRecord.onRemovedFromDisplay:5214 com.android.server.wm.DisplayContent.removeAppToken:1893 com.android.server.wm.ActivityRecord.removeFromHistory:4849 
10-23 16:40:50.370  1781  2031 V WindowManager: Changing focus from Window{6b9ea35 u0 com.example.as1/com.godot.game.GodotApp} to null displayId=0 Callers=com.android.server.wm.RootWindowContainer.updateFocusedWindowLocked:578 com.android.server.wm.WindowManagerService.updateFocusedWindowLocked:6881 com.android.server.wm.ActivityRecord.onRemovedFromDisplay:5262 com.android.server.wm.DisplayContent.removeAppToken:1893 
10-23 16:40:50.374  1781  2346 I PackageManager: Update package com.example.as1 code path from /data/app/~~g52beN-EstBE_Xsi8a0Dqw==/com.example.as1-piadoTFmliKjTTDqPnC9eg== to /data/app/~~BxvKBIWkKa7yQeG69fvrOw==/com.example.as1-AG9OFg8tOyneaQB1nuyzmw==; Retain data and using new
10-23 16:40:50.375  1781  2346 I AppsFilter: interaction: PackageSetting{665e0c com.example.as/10563} -> PackageSetting{e3875b4 com.example.as1/10265} BLOCKED
10-23 16:40:50.375  1781  2346 I AppsFilter: interaction: PackageSetting{bdbc53f com.example.CL/10562} -> PackageSetting{e3875b4 com.example.as1/10265} BLOCKED
10-23 16:40:50.375  1781  2346 I AppsFilter: interaction: PackageSetting{f37c5dc com.example.cookingadventure/10012} -> PackageSetting{e3875b4 com.example.as1/10265} BLOCKED
10-23 16:40:50.375  1781  2346 I AppsFilter: interaction: PackageSetting{665e0c com.example.as/10563} -> PackageSetting{60eecc7 com.example.as1/10265} BLOCKED
10-23 16:40:50.375  1781  2346 I AppsFilter: interaction: PackageSetting{bdbc53f com.example.CL/10562} -> PackageSetting{60eecc7 com.example.as1/10265} BLOCKED
10-23 16:40:50.375  1781  2346 I AppsFilter: interaction: PackageSetting{f37c5dc com.example.cookingadventure/10012} -> PackageSetting{60eecc7 com.example.as1/10265} BLOCKED
10-23 16:40:50.376  1781  2346 W PackageManager: Skipping provider name com.example.as1.fileprovider (in package com.example.as1): name already used by com.example.as1
10-23 16:40:50.395  1781  7984 D InputDispatcher: Focus left window (0): 6b9ea35 com.example.as1/com.godot.game.GodotApp
10-23 16:40:50.429  1781  1812 I WindowManager: WIN DEATH: Window{6b9ea35 u0 com.example.as1/com.godot.game.GodotApp}
10-23 16:40:50.429  1676  1746 I SurfaceFlinger: id=57936 Removed Bounds for - com.example.as1/com.godot.game.GodotApp@0#57936 (189)
10-23 16:40:50.429  1676  1746 I SurfaceFlinger: id=57937 Removed SurfaceView[com.example.as1/com.godot.game.GodotApp]@0#57937 (189)
10-23 16:40:50.429  1676  1746 I SurfaceFlinger: id=57938 Removed SurfaceView[com.example.as1/com.godot.game.GodotApp]@0(BLAST)#57938 (189)
10-23 16:40:50.429  1676  1746 I SurfaceFlinger: id=57939 Removed Background for SurfaceView[com.example.as1/com.godot.game.GodotApp]@0#57939 (189)
10-23 16:40:50.429  1781  1812 W InputManager-JNI: Input channel object '6b9ea35 com.example.as1/com.godot.game.GodotApp (client)' was disposed without first being removed with the input manager!
10-23 16:40:50.429  1781  5107 I ImeTracker: com.example.as1:82e171c: onRequestHide at ORIGIN_SERVER_HIDE_INPUT reason HIDE_REMOVE_CLIENT
10-23 16:40:50.429  1781  1812 V WindowManager: Remove Window{6b9ea35 u0 com.example.as1/com.godot.game.GodotApp}: mSurfaceController=Surface(name=com.example.as1/com.godot.game.GodotApp$_13418)/@0x4326f53 mAnimatingExit=false mRemoveOnExit=false mHasSurface=true surfaceShowing=true animating=false app-animation=false mDisplayFrozen=false callers=com.android.server.wm.WindowState$DeathRecipient.binderDied:3686 android.os.IBinder$DeathRecipient.binderDied:325 android.os.BinderProxy.sendDeathNotice:781 <bottom of call stack> <bottom of call stack> <bottom of call stack> 
10-23 16:40:50.430  1781  5107 I ImeTracker: com.example.as1:82e171c: onCancelled at PHASE_SERVER_SHOULD_HIDE
10-23 16:40:50.495  1781 10778 V ActivityManager: Got obituary of 13418:com.example.as1
10-23 16:40:50.502  8157 13977 I GOS:GameIntentService: onPackageChanged(). extras: Bundle[{changeType=2, userId=0, type=15, packageName=com.example.as1}]
10-23 16:40:50.503  8157 13977 I GOS:GameIntentService: onPackageChanged(). changeType(INSTALL_STARTED), pkgName(com.example.as1), UserHandle(0), userId(0), Installed(true)
10-23 16:40:50.671  1781  1911 W WindowManager: Failed to deliver inset control state change to w=Window{6b9ea35 u0 com.example.as1/com.godot.game.GodotApp EXITING}
10-23 16:40:50.709  1781  1911 V WindowManager: Start calculating TransitionInfo based on participants: {ActivityRecord{2bcfead u0 com.example.as1/com.godot.game.GodotApp t47228 f} isExiting}, Task{c244430 #47228 type=standard A=10265:com.example.as1}, ActivityRecord{d5443a5 u0 io.syncapps.lemmy_sync/.ui.activities.CasualActivity t47208}}
10-23 16:40:50.709  1781  1911 V WindowManager:   Final targets: [Task{c244430 #47228 type=standard A=10265:com.example.as1}, Task{649fe9a #47208 type=standard A=10551:io.syncapps.lemmy_sync}]
10-23 16:40:50.718  1676  1759 D RenderEngine: [SEC_GC_CMN_SF_EFFECTS] drawLayersInternal,1279, Rendering layer SurfaceView[com.example.as1/com.godot.game.GodotApp]@0(BLAST)#57938 at index 1
10-23 16:40:50.721  1781  1911 V WindowManager:         {WCT{RemoteToken{66bc15b Task{c244430 #47228 type=standard A=10265:com.example.as1}}} m=CLOSE f=EDGE_EXTENSION_RESTRICTION leash=Surface(name=Task=47228)/@0xa415d0c sb=Rect(0, 0 - 2400, 1080) eb=Rect(0, 0 - 2400, 1080) d=0 inset=Rect(0, 0 - 0, 0)},
10-23 16:40:50.723  1781  1907 V WindowManager: Sent Transition #4951 createdAt=10-23 16:40:50.361 via request=TransitionRequestInfo { type = CLOSE, triggerTask = TaskInfo{userId=0 taskId=47228 displayId=0 isRunning=false baseIntent=Intent { act=android.intent.action.MAIN flg=0x10000000 cmp=com.example.as1/com.godot.game.GodotApp } baseActivity=null topActivity=null origActivity=null realActivity=ComponentInfo{com.example.as1/com.godot.game.GodotApp} numActivities=0 lastActiveTime=396422528 supportsMultiWindow=true resizeMode=2 isResizeable=true minWidth=-1 minHeight=-1 maxWidth=-1 maxHeight=-1 defaultMinSize=220 token=WCT{RemoteToken{66bc15b Task{c244430 #47228 type=standard A=10265:com.example.as1}}} topActivityType=1 pictureInPictureParams=null shouldDockBigOverlays=false launchIntoPipHostTaskId=-1 lastParentTaskIdBeforePip=-1 displayCutoutSafeInsets=null topActivityInfo=null launchCookies=[] positionInParent=Point(0, 0) parentTaskId=-1 isFocused=true isVisible=true isVisibleRequested=true isSleeping=false topActivityInSizeCompat=false topActivityEligibleForLetterboxEducation= false topActivityLetterboxed= false isFromDoubleTap= false topActivityLetterboxVerticalPosition= -1 topActivityLetterboxHorizontalPosition= -1 topActivityLetterboxWidth=-1 topActivityLetterboxHeight=-1 locusId=null displayAreaFeatureId=1 cameraCompatControlState=hidden originallySupportedMultiWindow=true hasWallpaper=false topActivityInFixedAspectRatio=false rootAffinity=10265:com.example.as1 topActivityInDisplayCompat=false topActivityInBoundsCompat=false topActivityBounds=null singleTapFromLetterbox=false isTopTaskInStage=false CoverLauncherWidgetTask=false CoverScreenTask=false isAllowedSeamlessRotation=false isTopTransparentActivity=true hasPopOver=false}, remoteTransition = null, displayChange = null }
10-23 16:40:50.723  1781  1907 V WindowManager:         {WCT{RemoteToken{66bc15b Task{c244430 #47228 type=standard A=10265:com.example.as1}}} m=CLOSE f=EDGE_EXTENSION_RESTRICTION leash=Surface(name=Task=47228)/@0xa415d0c sb=Rect(0, 0 - 2400, 1080) eb=Rect(0, 0 - 2400, 1080) d=0 inset=Rect(0, 0 - 0, 0)},
10-23 16:40:50.799  1676  1676 D SurfaceFlinger:      CLIENT | 0xb400007c48793ff0 | 0102 | RGBA_8888    |    0.0    0.0 2400.0 1079.0 |    0    0 1079 2400 | SurfaceView[com.example.as1/com.godot.game.GodotApp]@0(BLAST)#57938
10-23 16:40:50.818  1781  1911 W WindowManager: Failed to deliver inset control state change to w=Window{6b9ea35 u0 com.example.as1/com.godot.game.GodotApp EXITING}
10-23 16:40:50.837  1676  1676 D SurfaceFlinger:      CLIENT | 0xb400007c48793ff0 | 0102 | RGBA_8888    |    0.0    0.0 2400.0 1070.0 |    0    0 1070 2400 | SurfaceView[com.example.as1/com.godot.game.GodotApp]@0(BLAST)#57938
10-23 16:40:51.066  1781  8101 V WindowManager: Setting visibility of Window{6b9ea35 u0 com.example.as1/com.godot.game.GodotApp EXITING}: false, caller=com.android.server.wm.WindowContainer.sendAppVisibilityToClients:1301 com.android.server.wm.WindowToken.setClientVisible:446 com.android.server.wm.ActivityRecord.setClientVisible:8121 com.android.server.wm.ActivityRecord.postApplyAnimation:6685 com.android.server.wm.ActivityRecord.commitVisibility:6628 
10-23 16:40:51.067  1781  8101 W WindowManager: Exception thrown during dispatchAppVisibility Window{6b9ea35 u0 com.example.as1/com.godot.game.GodotApp EXITING}
10-23 16:40:51.068  1781  8101 V WindowManager: Remove Window{6b9ea35 u0 com.example.as1/com.godot.game.GodotApp EXITING}: mSurfaceController=Surface(name=com.example.as1/com.godot.game.GodotApp$_13418)/@0x4326f53 mAnimatingExit=true mRemoveOnExit=true mHasSurface=true surfaceShowing=true animating=false app-animation=false mDisplayFrozen=false callers=com.android.server.wm.WindowToken.removeAllWindowsIfPossible:258 com.android.server.wm.ActivityRecord.removeIfPossible:5162 com.android.server.wm.ActivityRecord.handleCompleteDeferredRemoval:5169 com.android.server.wm.WindowContainer.handleCompleteDeferredRemoval:1476 com.android.server.wm.TaskFragment.handleCompleteDeferredRemoval:3413 com.android.server.wm.WindowContainer.handleCompleteDeferredRemoval:1476 
10-23 16:40:51.069  1781  8101 D PowerManagerService: [api] release WakeLock SCREEN_BRIGHT_WAKE_LOCK        'WindowManager/displayId:0' ON_AFTER_RELEASE ACQ=-1m27s998ms (uid=1000 pid=1781 ws=WorkSource{10265 com.example.as1} displayId=0 lock=a1754a8)
10-23 16:40:51.069  1781  8101 D PowerManagerService: [api] applyWakeLockFlagsOnReleaseLocked : userActivityNoUpdateLocked is called : SCREEN_BRIGHT_WAKE_LOCK        'WindowManager/displayId:0' ON_AFTER_RELEASE DISABLED (uid=1000 pid=1781 ws=WorkSource{10265 com.example.as1} displayId=0 lock=a1754a8)
10-23 16:40:51.070  1781  8101 V WindowManager: Collecting in transition 4952: ActivityRecord{2bcfead u0 com.example.as1/com.godot.game.GodotApp t47228 f}}, caller=com.android.server.wm.Transition.collect:759 com.android.server.wm.TransitionController.collect:935 com.android.server.wm.ActivityRecord.onRemovedFromDisplay:5214 com.android.server.wm.ActivityRecord.removeImmediately:5152 com.android.server.wm.ActivityRecord.removeIfPossible:5163 
10-23 16:40:51.070  1781  8101 D WindowManager: prepareSync <SYNC_STATE_WAITING_FOR_DRAW>, mPrepareSyncSeqId=0, win=Window{6b9ea35 u0 com.example.as1/com.godot.game.GodotApp EXITING}
10-23 16:40:51.070  1676  1861 I SurfaceFlinger: id=57924 Removed b9c2ad7 ActivityRecordInputSink com.example.as1/com.godot.game.GodotApp#57924 (194)
10-23 16:40:51.070  1781  8101 I WindowManager: Destroying surface Surface(name=com.example.as1/com.godot.game.GodotApp$_13418)/@0x4326f53 called by com.android.server.wm.WindowStateAnimator.destroySurface:799 com.android.server.wm.WindowStateAnimator.destroySurfaceLocked:472 com.android.server.wm.WindowState.removeImmediately:2937 com.android.server.wm.WindowContainer.removeImmediately:854 com.android.server.wm.WindowToken.removeImmediately:381 com.android.server.wm.ActivityRecord.removeImmediately:5156 com.android.server.wm.ActivityRecord.removeIfPossible:5163 com.android.server.wm.ActivityRecord.handleCompleteDeferredRemoval:5169 
10-23 16:40:51.073  1781  2346 D PackageManager: isLocaleOptimizedPackage() -  Non optimized app: com.example.as1. Proceed with normal install
10-23 16:40:51.074  1781  2346 I AppsFilter: interaction: PackageSetting{665e0c com.example.as/10563} -> PackageSetting{60eecc7 com.example.as1/10265} BLOCKED
10-23 16:40:51.074  1781  2346 I AppsFilter: interaction: PackageSetting{bdbc53f com.example.CL/10562} -> PackageSetting{60eecc7 com.example.as1/10265} BLOCKED
10-23 16:40:51.074  1781  2346 I AppsFilter: interaction: PackageSetting{f37c5dc com.example.cookingadventure/10012} -> PackageSetting{60eecc7 com.example.as1/10265} BLOCKED
10-23 16:40:51.077  1676  1676 I Layer   : id=57917 removeFromCurrentState ActivityRecord{2bcfead u0 com.example.as1/com.godot.game.GodotApp t47228}#57917 (195)
10-23 16:40:51.077  1676  1676 I Layer   : id=57924 removeFromCurrentState b9c2ad7 ActivityRecordInputSink com.example.as1/com.godot.game.GodotApp#57924 (195)
10-23 16:40:51.077  1676  1676 I Layer   : id=57932 removeFromCurrentState 6b9ea35 com.example.as1/com.godot.game.GodotApp#57932 (195)
10-23 16:40:51.077  1676  1676 I Layer   : id=57933 removeFromCurrentState com.example.as1/com.godot.game.GodotApp$_13418#57933 (195)
10-23 16:40:51.077  1676  1676 I Layer   : id=57936 removeFromCurrentState Bounds for - com.example.as1/com.godot.game.GodotApp@0#57936 (195)
10-23 16:40:51.077  1676  1676 I Layer   : id=57937 removeFromCurrentState SurfaceView[com.example.as1/com.godot.game.GodotApp]@0#57937 (195)
10-23 16:40:51.077  1676  1676 I Layer   : id=57939 removeFromCurrentState Background for SurfaceView[com.example.as1/com.godot.game.GodotApp]@0#57939 (195)
10-23 16:40:51.077  1676  1676 I Layer   : id=57938 removeFromCurrentState SurfaceView[com.example.as1/com.godot.game.GodotApp]@0(BLAST)#57938 (195)
10-23 16:40:51.077  1676  1676 I Layer   : id=57917 addToCurrentState ActivityRecord{2bcfead u0 com.example.as1/com.godot.game.GodotApp t47228}#57917 (195)
10-23 16:40:51.077  1676  1676 I Layer   : id=57924 addToCurrentState b9c2ad7 ActivityRecordInputSink com.example.as1/com.godot.game.GodotApp#57924 (195)
10-23 16:40:51.077  1676  1676 I Layer   : id=57932 addToCurrentState 6b9ea35 com.example.as1/com.godot.game.GodotApp#57932 (195)
10-23 16:40:51.077  1676  1676 I Layer   : id=57933 addToCurrentState com.example.as1/com.godot.game.GodotApp$_13418#57933 (195)
10-23 16:40:51.077  1676  1676 I Layer   : id=57936 addToCurrentState Bounds for - com.example.as1/com.godot.game.GodotApp@0#57936 (195)
10-23 16:40:51.077  1676  1676 I Layer   : id=57937 addToCurrentState SurfaceView[com.example.as1/com.godot.game.GodotApp]@0#57937 (195)
10-23 16:40:51.077  1676  1676 I Layer   : id=57939 addToCurrentState Background for SurfaceView[com.example.as1/com.godot.game.GodotApp]@0#57939 (195)
10-23 16:40:51.077  1676  1676 I Layer   : id=57938 addToCurrentState SurfaceView[com.example.as1/com.godot.game.GodotApp]@0(BLAST)#57938 (195)
10-23 16:40:51.077  1676  1676 I Layer   : Layer [ActivityRecord{2bcfead u0 com.example.as1/com.godot.game.GodotApp t47228}#57917] hidden!! flag(1)
10-23 16:40:51.077  1676  1676 I Layer   : Layer [com.example.as1/com.godot.game.GodotApp$_13418#57933] hidden!! flag(1)
10-23 16:40:51.094  1676  1676 I Layer   : id=57917 removeFromCurrentState ActivityRecord{2bcfead u0 com.example.as1/com.godot.game.GodotApp t47228}#57917 (195)
10-23 16:40:51.094  1676  1676 I Layer   : id=57924 removeFromCurrentState b9c2ad7 ActivityRecordInputSink com.example.as1/com.godot.game.GodotApp#57924 (195)
10-23 16:40:51.094  1676  1676 I Layer   : id=57932 removeFromCurrentState 6b9ea35 com.example.as1/com.godot.game.GodotApp#57932 (195)
10-23 16:40:51.094  1676  1676 I Layer   : id=57933 removeFromCurrentState com.example.as1/com.godot.game.GodotApp$_13418#57933 (195)
10-23 16:40:51.094  1676  1676 I Layer   : id=57936 removeFromCurrentState Bounds for - com.example.as1/com.godot.game.GodotApp@0#57936 (195)
10-23 16:40:51.094  1676  1676 I Layer   : id=57937 removeFromCurrentState SurfaceView[com.example.as1/com.godot.game.GodotApp]@0#57937 (195)
10-23 16:40:51.094  1676  1676 I Layer   : id=57939 removeFromCurrentState Background for SurfaceView[com.example.as1/com.godot.game.GodotApp]@0#57939 (195)
10-23 16:40:51.094  1676  1676 I Layer   : id=57938 removeFromCurrentState SurfaceView[com.example.as1/com.godot.game.GodotApp]@0(BLAST)#57938 (195)
10-23 16:40:51.106  1781  2346 I ActivityManager: Force stopping com.example.as1 appid=10265 user=0: pkg removed
10-23 16:40:51.132  1781  1911 V WindowManager: Start calculating TransitionInfo based on participants: {ActivityRecord{f0961f u0 io.syncapps.lemmy_sync/.ui.activities.MainActivity t47208}, ActivityRecord{2bcfead u0 com.example.as1/com.godot.game.GodotApp t-1 f} isExiting}, Task{649fe9a #47208 type=standard A=10551:io.syncapps.lemmy_sync}}
10-23 16:40:51.145  1676  1676 I Layer   : Layer::reparent [com.example.as1/com.godot.game.GodotApp$_13418#57933] newParentHandle : null -------------------------
10-23 16:40:51.145  1676  1676 I Layer   : id=57933 removeFromCurrentState com.example.as1/com.godot.game.GodotApp$_13418#57933 (194)
10-23 16:40:51.145  1676  1676 I Layer   : id=57936 removeFromCurrentState Bounds for - com.example.as1/com.godot.game.GodotApp@0#57936 (194)
10-23 16:40:51.145  1676  1676 I Layer   : id=57937 removeFromCurrentState SurfaceView[com.example.as1/com.godot.game.GodotApp]@0#57937 (194)
10-23 16:40:51.145  1676  1676 I Layer   : id=57939 removeFromCurrentState Background for SurfaceView[com.example.as1/com.godot.game.GodotApp]@0#57939 (194)
10-23 16:40:51.145  1676  1676 I Layer   : id=57938 removeFromCurrentState SurfaceView[com.example.as1/com.godot.game.GodotApp]@0(BLAST)#57938 (194)
10-23 16:40:51.145  1676  1676 I Layer   : Layer::reparent [com.example.as1/com.godot.game.GodotApp$_13418#57933] End -------------------------
10-23 16:40:51.145  1676  1676 I Layer   : Layer::reparent [6b9ea35 com.example.as1/com.godot.game.GodotApp#57932] newParentHandle : null -------------------------
10-23 16:40:51.145  1676  1676 I Layer   : id=57932 removeFromCurrentState 6b9ea35 com.example.as1/com.godot.game.GodotApp#57932 (194)
10-23 16:40:51.145  1676  1676 I Layer   : Layer::reparent [6b9ea35 com.example.as1/com.godot.game.GodotApp#57932] End -------------------------
10-23 16:40:51.146  1676  1676 I Layer   : Layer::reparent [ActivityRecord{2bcfead u0 com.example.as1/com.godot.game.GodotApp t47228}#57917] newParentHandle : null -------------------------
10-23 16:40:51.146  1676  1676 I Layer   : id=57917 removeFromCurrentState ActivityRecord{2bcfead u0 com.example.as1/com.godot.game.GodotApp t47228}#57917 (194)
10-23 16:40:51.146  1676  1676 I Layer   : id=57924 removeFromCurrentState b9c2ad7 ActivityRecordInputSink com.example.as1/com.godot.game.GodotApp#57924 (194)
10-23 16:40:51.146  1676  1676 I Layer   : Layer::reparent [ActivityRecord{2bcfead u0 com.example.as1/com.godot.game.GodotApp t47228}#57917] End -------------------------
10-23 16:40:51.183  1781  3106 D OverlayManager: reconcileSettingsForPackage pkgName=com.example.as1 userId=0
10-23 16:40:51.183  1781  3106 I OverlayManager: updateOverlaysForTarget() called with: targetPackage = [com.example.as1], userId = [0], flags = [2]
10-23 16:40:51.183  1781  2019 I SGM:GameManager: PkgUpdateReceiver, onPackageRemoved : com.example.as1 userHandle : UserHandle{0} userID : 0
10-23 16:40:51.183  1781  3202 D SGM:GosNotifyThread: notifyPackageChangedToGos(), before send intent to GOS. type:15, changeType: 1, pkgName:com.example.as1, userHandleId:0
10-23 16:40:51.188  4282  4282 I VvmPkgInstalledRcvr: packageName: com.example.as1, systemDialer: com.samsung.android.dialer
10-23 16:40:51.191  4282  4282 I VvmPkgInstalledRcvr:  NOT contains : com.example.as1
10-23 16:40:51.191  4282  4282 D CarrierSvcBindHelper: onPackageUpdateFinished: com.example.as1
10-23 16:40:51.195  4282  4282 D CarrierSvcBindHelper: onPackageModified: com.example.as1
10-23 16:40:51.197  4282  4412 D ImsResolver: maybeAddedImsService, packageName: com.example.as1
10-23 16:40:51.201  1781  3106 D OverlayManager: reconcileSettingsForPackage pkgName=com.example.as1 userId=0
10-23 16:40:51.201  1781  3106 I OverlayManager: updateOverlaysForTarget() called with: targetPackage = [com.example.as1], userId = [0], flags = [0]
10-23 16:40:51.201  4282  4282 I VvmPkgInstalledRcvr: packageName: com.example.as1, systemDialer: com.samsung.android.dialer
10-23 16:40:51.201  1781  3106 I SWT_ThemeManager: update color theme overlay, pkg = com.example.as1, overlay = null
10-23 16:40:51.202  1781  3208 W PackageConfigPersister: App-specific configuration not found for packageName: com.example.as1 and userId: 0
10-23 16:40:51.204  5103  5273 I PackageInfoManager_FLP: action : ACTION_PACKAGE_REMOVED, packageName = com.example.as1
10-23 16:40:51.204  1781  2019 D MetaDataCollector: onReceive: done pkgName=com.example.as1
10-23 16:40:51.210  5103  5273 I PackageInfoManager_FLP: action : ACTION_PACKAGE_ADDED, packageName = com.example.as1
10-23 16:40:51.210  7449 14041 I [SC]PackageRemoveMonitorReceiverImpl: onReceive: com.example.as1 false
10-23 16:40:51.211  7449  7764 I [SC]SyncAuthority: com.example.as1: authority not found!
10-23 16:40:51.215  4282  4282 I VvmPkgInstalledRcvr:  NOT contains : com.example.as1
10-23 16:40:51.217  1781  2019 D LauncherAppsService: Calling onPackageRemoved: com.example.as1, EXTRA_REPLACING: true
10-23 16:40:51.225  1781  3908 I AppWidgetServiceImpl: Received broadcast: android.intent.action.PACKAGE_ADDED, Updates all providers with com.example.as1, userId: 0
10-23 16:40:51.226  1781  3908 I AppWidgetServiceImpl: queryIntentReceivers intent : Intent { act=android.appwidget.action.APPWIDGET_UPDATE pkg=com.example.as1 }  userid : 0  flags : 268436608 result : 0
10-23 16:40:51.226  1781  3979 I SdkSandboxManager: No SDKs used. Skipping SDK data reconcilation for CallingInfo{mUid=10265, mPackageName='com.example.as1, mAppProcessToken='null'}
10-23 16:40:51.229  1781  1907 I CDM_CompanionDeviceManagerService: onPackageModified() u0/com.example.as1
10-23 16:40:51.234  1781  1781 D SdpManagerImpl.receiver: On android.intent.action.PACKAGE_REMOVED : DATA = package:com.example.as1, UID = 10265, UserId = 0, Is replacing? true
10-23 16:40:51.234 10154 10154 I SafetyLabelChangedBroadcastReceiver: received broadcast packageName: com.example.as1, current user: UserHandle{0}, packageChangeEvent: UPDATE, intent user: UserHandle{0}
10-23 16:40:51.235  1781  1781 I Telecom : CarModeTracker: Package com.example.as1 is not tracked.: SSH.oR@hFo
10-23 16:40:51.238  1781  4046 I Pageboost: remove app @ runtime : com.example.as1
10-23 16:40:51.240  1781  1907 D LocationManagerService: package com.example.as1 reset
10-23 16:40:51.240  1781  1781 D DevicePolicyManager:  handle packages changed  setCrossProfileAppToIgnored com.example.as1 0
10-23 16:40:51.242  1781  3161 D SEP_UNION_SemDeviceInfoManagerService: Package com.example.as1 is removed on User 0 
10-23 16:40:51.242  1781  1781 D SGM:GameManager: identifyGamePackage. com.example.as1, mCurrentUserId: 0, callerUserId: 0, callingMethodInfo: com.samsung.android.game.SemGameManager.isGamePackage(SemGameManager.java:109)
10-23 16:40:51.242  1781  1781 D SGM:PkgDataHelper: getGamePkgData(). com.example.as1
10-23 16:40:51.242  1781  1781 D SGM:SemGameManager: isGamePackage(), pkgName=com.example.as1, ret=false
10-23 16:40:51.243  1781  3961 D SGM:GameManager: identifyGamePackage. com.example.as1, mCurrentUserId: 0, callerUserId: 0, callingMethodInfo: com.samsung.android.game.SemGameManager.isGamePackage(SemGameManager.java:109)
10-23 16:40:51.243  1781  3961 D SGM:PkgDataHelper: getGamePkgData(). com.example.as1
10-23 16:40:51.243  1781  3961 D SGM:SemGameManager: isGamePackage(), pkgName=com.example.as1, ret=false
10-23 16:40:51.243  1781  1781 V GameManagerService_GamePackageConfiguration: No android.game_mode_config meta-data found for package com.example.as1
10-23 16:40:51.245  1781  1781 V GameManagerService: Package configuration not found for com.example.as1
10-23 16:40:51.245  7449 14043 I [SC]PackageAddMonitorReceiverImpl: onReceive: com.example.as1
10-23 16:40:51.245  1781  1781 I Telecom:SamsungOpenCommunicationPlatformPolicyPackageBroadcastReceiver: action : android.intent.action.PACKAGE_ADDED / packageName : com.example.as1
10-23 16:40:51.248  7449 14043 I [SC]BackupSourceManager: load: Can't load package: com.example.as1
10-23 16:40:51.251  7449  7764 I [SC]SyncAuthority: com.example.as1: authority not found!
10-23 16:40:51.276  1781  3979 I SdkSandboxManager: No SDKs used. Skipping SDK data reconcilation for CallingInfo{mUid=10265, mPackageName='com.example.as1, mAppProcessToken='null'}
10-23 16:40:51.291  4044  4044 D Navbar.Store: handleEvent(0) OnPackageRemoved(packageName=com.example.as1) [Module] NavBarStoreImpl
10-23 16:40:51.291  4044  4044 D FaceWidgetMusicViewModel: onPackageRemoved() pkg = com.example.as1, r = true
10-23 16:40:51.291  4044  4044 D FaceWidgetMetadataParser: removePackage() key = com.example.as1
10-23 16:40:51.303 13242 13242 I FILP/PackageIntentReceiver: pkgName : com.example.as1
10-23 16:40:51.313  4044  4155 D PluginActionManager: queryPkg com.example.as1 com.android.systemui.action.PLUGIN_NOTIFICATION_MENU_ROW
10-23 16:40:51.313  4044  4155 D PluginActionManager: queryPkg com.example.as1 com.android.systemui.action.PLUGIN_NOTIFICATION_MENU_ROW
10-23 16:40:51.313  4044  4155 D PluginActionManager: queryPkg com.example.as1 com.android.systemui.action.PEOPLE_HUB_PERSON_EXTRACTOR
10-23 16:40:51.313  4044  4155 D PluginActionManager: queryPkg com.example.as1 com.android.systemui.action.PLUGIN_GLOBAL_ACTIONS
10-23 16:40:51.314  4044  4155 D PluginActionManager: queryPkg com.example.as1 com.android.systemui.action.PLUGIN_NOTIFICATION_ASSISTANT
10-23 16:40:51.314  4044  4155 D PluginActionManager: queryPkg com.example.as1 com.android.systemui.action.PLUGIN_OVERLAY
10-23 16:40:51.314  4044  4155 D PluginActionManager: queryPkg com.example.as1 com.android.systemui.action.PLUGIN_QS
10-23 16:40:51.314  4044  4155 D PluginActionManager: queryPkg com.example.as1 com.android.systemui.action.PLUGIN_VOLUME
10-23 16:40:51.315  4044  4126 D BluetoothEventManager: AppPackageChangedHandler: package name = com.example.as1
10-23 16:40:51.315  4044  4044 D FaceWidgetMetadataParser: updatePackage() com.example.as1 true
10-23 16:40:51.318  1781  1910 D SGM:GameManager: identifyForegroundApp. com.example.as1, mCurrentUserId: 0, callerUserId: 0
10-23 16:40:51.318  1781  1910 D SGM:PkgDataHelper: getGamePkgData(). com.example.as1
10-23 16:40:51.318  4044  4044 D FaceWidgetMetadataParser: removePackage() key = com.example.as1
10-23 16:40:51.318  4044  4155 D PluginActionManager: queryPkg com.example.as1 com.android.systemui.action.PLUGIN_CLOCK_PROVIDER
10-23 16:40:51.318  4044  4155 D PluginActionManager: queryPkg com.example.as1 com.android.systemui.action.PLUGIN_SENSOR_MANAGER
10-23 16:40:51.318  4044  4155 D PluginActionManager: queryPkg com.example.as1 com.android.systemui.action.PLUGIN_NOTIFICATION_MENU_ROW
10-23 16:40:51.318  4044  4155 D PluginActionManager: queryPkg com.example.as1 com.android.systemui.action.PLUGIN_QS_FACTORY
10-23 16:40:51.318  4044  4155 D PluginActionManager: queryPkg com.example.as1 com.android.systemui.action.PLUGIN_TOAST
10-23 16:40:51.318  4044  4155 D PluginActionManager: queryPkg com.example.as1 com.android.systemui.action.PLUGIN_NOTIFICATION_MENU_ROW
10-23 16:40:51.319  4044  4155 D PluginActionManager: queryPkg com.example.as1 com.samsung.systemui.action.PLUGIN_FACE_WIDGET
10-23 16:40:51.319  4044  4155 D PluginActionManager: queryPkg com.example.as1 com.android.systemui.action.PLUGIN_NOTIFICATION_MENU_ROW
10-23 16:40:51.319  4044  4155 D PluginActionManager: queryPkg com.example.as1 com.android.systemui.action.PLUGIN_NOTIFICATION_MENU_ROW
10-23 16:40:51.319  4044  4155 D PluginActionManager: queryPkg com.example.as1 com.android.systemui.action.PEOPLE_HUB_PERSON_EXTRACTOR
10-23 16:40:51.319  4044  4155 D PluginActionManager: queryPkg com.example.as1 com.android.systemui.action.PLUGIN_GLOBAL_ACTIONS
10-23 16:40:51.319  4044  4155 D PluginActionManager: queryPkg com.example.as1 com.android.systemui.action.PLUGIN_NOTIFICATION_ASSISTANT
10-23 16:40:51.319  4044  4155 D PluginActionManager: queryPkg com.example.as1 com.android.systemui.action.PLUGIN_OVERLAY
10-23 16:40:51.319  4044  4155 D PluginActionManager: queryPkg com.example.as1 com.android.systemui.action.PLUGIN_QS
10-23 16:40:51.319  4044  4155 D PluginActionManager: queryPkg com.example.as1 com.android.systemui.action.PLUGIN_VOLUME
10-23 16:40:51.320  4044  4155 D PluginActionManager: queryPkg com.example.as1 com.android.systemui.action.PLUGIN_CLOCK_PROVIDER
10-23 16:40:51.320  4044  4155 D PluginActionManager: queryPkg com.example.as1 com.android.systemui.action.PLUGIN_SENSOR_MANAGER
10-23 16:40:51.320  4044  4155 D PluginActionManager: queryPkg com.example.as1 com.android.systemui.action.PLUGIN_NOTIFICATION_MENU_ROW
10-23 16:40:51.320  4044  4155 D PluginActionManager: queryPkg com.example.as1 com.android.systemui.action.PLUGIN_QS_FACTORY
10-23 16:40:51.320  4044  4155 D PluginActionManager: queryPkg com.example.as1 com.android.systemui.action.PLUGIN_TOAST
10-23 16:40:51.320 12975 12975 I Finsky  : [2] uba.d(67): IQ: onPackageRemoved com.example.as1, replacing=true, uninstallingFromPlay=false
10-23 16:40:51.320  4044  4155 D PluginActionManager: queryPkg com.example.as1 com.android.systemui.action.PLUGIN_NOTIFICATION_MENU_ROW
10-23 16:40:51.320  4044  4155 D PluginActionManager: queryPkg com.example.as1 com.samsung.systemui.action.PLUGIN_FACE_WIDGET
10-23 16:40:51.321  1781  4046 D SGM:GameManager: identifyGamePackage. com.example.as1, mCurrentUserId: 0, callerUserId: 0, callingMethodInfo: com.samsung.android.game.SemGameManager.isGamePackage(SemGameManager.java:109)
10-23 16:40:51.321  1781  4046 D SGM:PkgDataHelper: getGamePkgData(). com.example.as1
10-23 16:40:51.321  1781  4046 D SGM:SemGameManager: isGamePackage(), pkgName=com.example.as1, ret=false
10-23 16:40:51.321  1781  4046 I Pageboost: appinfo : com.example.as1 0 0 0 0
10-23 16:40:51.321 12975 12975 I Finsky  : [2] lvl.f(7): AIM: AppInfoCacheUpdater -> invalidating apps: [com.example.as1]
10-23 16:40:51.324  1781  4046 D SGM:GameManager: identifyGamePackage. com.example.as1, mCurrentUserId: 0, callerUserId: 0, callingMethodInfo: com.samsung.android.game.SemGameManager.isGamePackage(SemGameManager.java:109)
10-23 16:40:51.324  1781  4046 D SGM:PkgDataHelper: getGamePkgData(). com.example.as1
10-23 16:40:51.324  1781  4046 D SGM:SemGameManager: isGamePackage(), pkgName=com.example.as1, ret=false
10-23 16:40:51.324  1781  4046 I Pageboost: Reset this app info : com.example.as1 
10-23 16:40:51.325 12975 13018 I Finsky  : [122] lxg.a(47): AIM: AppInfoManager-Perf > OnDeviceAppInfo > cacheHitCount=0, cacheMissCount=1. Missed  in cache (limit 10) : [com.example.as1]
10-23 16:40:51.326  1781  1781 W AlarmManager: Package com.example.as1, uid 10265 lost permission to set exact alarms!
10-23 16:40:51.337 13193 13193 I Routine@Core[4.6.02.0]: MetadataLoaderImpl: collectInBackground - packageName:com.example.as1
10-23 16:40:51.337 13193 13193 I Routine@Core[4.6.02.0]: MetadataSyncBacklog: add: null + com.example.as1
10-23 16:40:51.338  1781  4046 I Pageboost: add app to global @ runtime: com.example.as1
10-23 16:40:51.349 13242 13242 I FILP/PackageIntentReceiver: pkgName : com.example.as1
10-23 16:40:51.352  1781  3961 D SGM:GameManager: identifyGamePackage. com.example.as1, mCurrentUserId: 0, callerUserId: 0, callingMethodInfo: com.samsung.android.game.SemGameManager.isGamePackage(SemGameManager.java:109)
10-23 16:40:51.353  1781  3961 D SGM:PkgDataHelper: getGamePkgData(). com.example.as1
10-23 16:40:51.353  1781  3961 D SGM:SemGameManager: isGamePackage(), pkgName=com.example.as1, ret=false
10-23 16:40:51.364 13193 13193 I Routine@Core[4.6.02.0]: MetadataLoaderJobService: onStartJob: collectPackageInBG - com.example.as1
10-23 16:40:51.365 13193 13193 I Routine@Core[4.6.02.0]: MetadataLoaderJobService: packageName : com.example.as1, forced : true
10-23 16:40:51.376 13242 14071 I FILP/c  : removeFromFS : com.example.as1, cursor size : 0
10-23 16:40:51.381 13193 13339 I Routine@Core[4.6.02.0]: MetadataLoadManager: collect: com.example.as1
10-23 16:40:51.381 13193 13339 I Routine@Core[4.6.02.0]: MetadataLoadManager: collectWithCollectors - com.example.as1
10-23 16:40:51.391 13193 13339 I Routine@Core[4.6.02.0]: MetadataLoadManager: doPostCollectionTasks - packageName:com.example.as1
10-23 16:40:51.413 13242 14071 I FILP/c  : Delete DB result : com.example.as1, 0
10-23 16:40:51.430 13193 13193 I Routine@Core[4.6.02.0]: MetadataLoaderJobService: metadataLoadingFinished: collectPackageInBG - com.example.as1
10-23 16:40:51.440 12975 12975 I Finsky  : [2] lvl.f(7): AIM: AppInfoCacheUpdater -> invalidating apps: [com.example.as1]
10-23 16:40:51.450 13242 14071 I FILP/c  : uninstallFilters mPackageName: com.example.as1
10-23 16:40:51.500  1676  1745 I SurfaceFlinger: id=57917 Removed ActivityRecord{2bcfead u0 com.example.as1/com.godot.game.GodotApp t47228}#57917 (194)
10-23 16:40:51.500  1676  1745 I SurfaceFlinger: id=57933 Removed com.example.as1/com.godot.game.GodotApp$_13418#57933 (194)
10-23 16:40:51.500  1676  1745 I SurfaceFlinger: id=57932 Removed 6b9ea35 com.example.as1/com.godot.game.GodotApp#57932 (194)
10-23 16:40:51.502  2289 14128 I ProximityAuth: [RecentAppsMediator] Package added: (user=UserHandle{0}) com.example.as1
10-23 16:40:51.512  1676  1676 I Layer   : id=57932 Destroyed 6b9ea35 com.example.as1/com.godot.game.GodotApp#57932
10-23 16:40:51.512  1676  1676 I Layer   : id=57917 Destroyed ActivityRecord{2bcfead u0 com.example.as1/com.godot.game.GodotApp t47228}#57917
10-23 16:40:51.512  1676  1676 I Layer   : id=57924 Destroyed b9c2ad7 ActivityRecordInputSink com.example.as1/com.godot.game.GodotApp#57924
10-23 16:40:51.512  1676  1676 I Layer   : id=57933 Destroyed com.example.as1/com.godot.game.GodotApp$_13418#57933
10-23 16:40:51.512  1676  1676 I Layer   : id=57936 Destroyed Bounds for - com.example.as1/com.godot.game.GodotApp@0#57936
10-23 16:40:51.512  1676  1676 I Layer   : id=57937 Destroyed SurfaceView[com.example.as1/com.godot.game.GodotApp]@0#57937
10-23 16:40:51.512  1676  1676 I Layer   : id=57939 Destroyed Background for SurfaceView[com.example.as1/com.godot.game.GodotApp]@0#57939
10-23 16:40:51.512  1676  1676 I Layer   : id=57938 Destroyed SurfaceView[com.example.as1/com.godot.game.GodotApp]@0(BLAST)#57938
10-23 16:40:51.554  8227 14112 W SQLiteLog: (28) double-quoted string literal: "com.example.as1"
10-23 16:40:51.584 12975 13012 I Finsky  : [116] lxg.a(47): AIM: AppInfoManager-Perf > OnDeviceAppInfo > cacheHitCount=0, cacheMissCount=1. Missed  in cache (limit 10) : [com.example.as1]
10-23 16:40:51.627  6139  6139 W SAPackageEventReceiver: PACKAGE_REMOVED intent came late : com.example.as1
10-23 16:40:51.627  6139  6139 I SAPackageEventReceiver: App com.example.as1 was installed.
10-23 16:40:51.628  6139  6139 I SAPackageEventReceiver: registerService : com.example.as1
10-23 16:40:51.630  4922  4922 E HMPackageReceiver: This package will be replaced = com.example.as1
10-23 16:40:51.643  4922  4922 I PM::HMPackageBroadcastReceiver: isEssentialProvider(com.example.as1) = false
10-23 16:40:51.644  4922  4922 I CommonUtils: isCompanionApp packageInfo = PackageInfo{57a4ba2 com.example.as1}
10-23 16:40:51.644  4922  4922 I PM::HMPackageBroadcastReceiver: isCompanionApp(com.example.as1) = false
10-23 16:40:51.644  4922  4922 I PM::HMPackageBroadcastReceiver: isWatchApp(com.example.as1) = false
10-23 16:40:51.648  4922  4922 I PM::HMPackageBroadcastReceiver: com.example.as1 has not METADATA for EULA agreement
10-23 16:40:51.648  4922  4922 I PM::HMPackageBroadcastReceiver: onReceive(), com.example.as1 is installed, requesting to sync...
10-23 16:40:51.648  4922  4922 I StatusUtils: ST::StatusUtils::isRequiredPacakgeWearable()::deviceID=[##:##:##:##:72:3F] packageName=[com.example.as1]
10-23 16:40:51.649  4922  4922 I StatusUtils: ST::StatusUtils::isRequiredPacakgeWearable::packageName=[com.example.as1] ret=false
10-23 16:40:51.652  4922  4922 I PM::HMPackageBroadcastReceiver: Updated package: com.example.as1
10-23 16:40:51.652  4922  4922 I PM::HMPackageBroadcastReceiver: isPluginupdatecase(com.example.as1) = false
10-23 16:40:52.017  1781  2019 I SGM:GameManager: PkgUpdateReceiver, onPackageAdded : com.example.as1 userHandle : UserHandle{0} userId : 0
10-23 16:40:52.017  1781  3202 D SGM:GosNotifyThread: notifyPackageChangedToGos(), before send intent to GOS. type:15, changeType: 0, pkgName:com.example.as1, userHandleId:0
10-23 16:40:52.017  1781  3202 I SGM:GosNotifyThread: notifyPackageChangedToGos(), category from pm: com.example.as1, [0/-1]
10-23 16:40:52.031  4044  6138 D LauncherApps: onPackageChanged 0,com.example.as1
10-23 16:40:52.031  1781  2019 D LauncherApps: onPackageChanged 0,com.example.as1
10-23 16:40:52.031  5111  5221 D LauncherApps: onPackageChanged 0,com.example.as1
10-23 16:40:52.032  3559  3559 I HoneySpace.PackageOperationTracker: onPackageChanged - com.example.as1 UserHandle{0}
10-23 16:40:52.038  8157 14205 I GOS:GameIntentService: onHandleIntent. GameIntentService. type: 15, pkgName: com.example.as1
10-23 16:40:52.039  3559 10809 I HoneySpace.PackageSourceImpl: addActivityToList [ADD] : com.example.as1/com.godot.game.GodotApp#UserHandle{0}
10-23 16:40:52.039  3559 10809 I HoneySpace.IconCache: remove icon cache & DB : com.example.as1 UserHandle{0}
10-23 16:40:52.063  3559 10809 I AppIconSolution: getThemeIconWithBG called with public API, pkg = com.example.as1, mode = 48
10-23 16:40:52.064  3559 10809 I AppIconSolution: return adaptive icon for com.example.as1, isNight = true
10-23 16:40:52.066  3559 10809 I LauncherActivityInfo: packageName: com.example.as1, useThemeIcon: false, height: 288, width: 288, density: 640
10-23 16:40:52.073  3559 13614 I HoneySpace.IconCache: add icon DB: [com.example.as1/com.godot.game.GodotApp#UserHandle{0}] - IconAndLabel(icon=android.graphics.Bitmap@1973851, label=Animal Schramble) | false | 640 | false
10-23 16:40:52.074  3559  3559 I HoneySpace.HoneySpaceManagerContainer: refreshHoneyPlugin, packageName: com.example.as1
10-23 16:40:52.074  3559 32391 I HoneySpace.HoneySpacePackageSourceImpl: Package changed : com.example.as1
