10-22 16:23:12.531 13138 13218 F libc    : Fatal signal 11 (SIGSEGV), code 1 (SEGV_MAPERR), fault addr 0x0 in tid 13218 (VkThread), pid 13138 (com.example.as1)
10-22 16:23:13.267 13282 13282 F DEBUG   : Cmdline: com.example.as1
10-22 16:23:13.267 13282 13282 F DEBUG   : pid: 13138, tid: 13218, name: VkThread  >>> com.example.as1 <<<
10-22 16:23:13.268 13282 13282 F DEBUG   :       #01 pc 000000000143aebc  /data/app/~~R25TiT7QbYg_78FIqZu_MA==/com.example.as1-OdsolanDT8mY2MxpFNo6mg==/lib/arm64/libgodot_android.so
10-22 16:23:13.268 13282 13282 F DEBUG   :       #02 pc 000000000143c16c  /data/app/~~R25TiT7QbYg_78FIqZu_MA==/com.example.as1-OdsolanDT8mY2MxpFNo6mg==/lib/arm64/libgodot_android.so
10-22 16:23:13.268 13282 13282 F DEBUG   :       #03 pc 0000000003772afc  /data/app/~~R25TiT7QbYg_78FIqZu_MA==/com.example.as1-OdsolanDT8mY2MxpFNo6mg==/lib/arm64/libgodot_android.so
10-22 16:23:13.268 13282 13282 F DEBUG   :       #04 pc 0000000003773344  /data/app/~~R25TiT7QbYg_78FIqZu_MA==/com.example.as1-OdsolanDT8mY2MxpFNo6mg==/lib/arm64/libgodot_android.so
10-22 16:23:13.268 13282 13282 F DEBUG   :       #05 pc 0000000003774820  /data/app/~~R25TiT7QbYg_78FIqZu_MA==/com.example.as1-OdsolanDT8mY2MxpFNo6mg==/lib/arm64/libgodot_android.so
10-22 16:23:13.268 13282 13282 F DEBUG   :       #06 pc 0000000003754518  /data/app/~~R25TiT7QbYg_78FIqZu_MA==/com.example.as1-OdsolanDT8mY2MxpFNo6mg==/lib/arm64/libgodot_android.so
10-22 16:23:13.268 13282 13282 F DEBUG   :       #07 pc 0000000003758b4c  /data/app/~~R25TiT7QbYg_78FIqZu_MA==/com.example.as1-OdsolanDT8mY2MxpFNo6mg==/lib/arm64/libgodot_android.so
10-22 16:23:13.268 13282 13282 F DEBUG   :       #08 pc 0000000003772afc  /data/app/~~R25TiT7QbYg_78FIqZu_MA==/com.example.as1-OdsolanDT8mY2MxpFNo6mg==/lib/arm64/libgodot_android.so
10-22 16:23:13.268 13282 13282 F DEBUG   :       #09 pc 0000000003773344  /data/app/~~R25TiT7QbYg_78FIqZu_MA==/com.example.as1-OdsolanDT8mY2MxpFNo6mg==/lib/arm64/libgodot_android.so
10-22 16:23:13.268 13282 13282 F DEBUG   :       #10 pc 0000000003774820  /data/app/~~R25TiT7QbYg_78FIqZu_MA==/com.example.as1-OdsolanDT8mY2MxpFNo6mg==/lib/arm64/libgodot_android.so
10-22 16:23:13.268 13282 13282 F DEBUG   :       #11 pc 00000000037749b4  /data/app/~~R25TiT7QbYg_78FIqZu_MA==/com.example.as1-OdsolanDT8mY2MxpFNo6mg==/lib/arm64/libgodot_android.so
10-22 16:23:13.268 13282 13282 F DEBUG   :       #12 pc 0000000000f1b658  /data/app/~~R25TiT7QbYg_78FIqZu_MA==/com.example.as1-OdsolanDT8mY2MxpFNo6mg==/lib/arm64/libgodot_android.so
10-22 16:23:13.268 13282 13282 F DEBUG   :       #13 pc 0000000000ee97ac  /data/app/~~R25TiT7QbYg_78FIqZu_MA==/com.example.as1-OdsolanDT8mY2MxpFNo6mg==/lib/arm64/libgodot_android.so (Java_org_godotengine_godot_GodotLib_step+172)
10-22 16:23:13.268 13282 13282 F DEBUG   :       #19 pc 0000000000029068  [anon:dalvik-classes2.dex extracted in memory from /data/app/~~R25TiT7QbYg_78FIqZu_MA==/com.example.as1-OdsolanDT8mY2MxpFNo6mg==/base.apk] (org.godotengine.godot.vulkan.VkRenderer.onVkDrawFrame+0)
10-22 16:23:13.268 13282 13282 F DEBUG   :       #24 pc 0000000000029818  [anon:dalvik-classes2.dex extracted in memory from /data/app/~~R25TiT7QbYg_78FIqZu_MA==/com.example.as1-OdsolanDT8mY2MxpFNo6mg==/base.apk] (org.godotengine.godot.vulkan.VkThread.run+0)
10-23 15:02:17.003  1781  2346 I AppsFilter: interaction: PackageSetting{26e0b18 com.example.as1/10265} -> PackageSetting{7c7bc49 com.microsoft.teams/10557} BLOCKED
10-23 15:43:52.428  1781  6041 D PkgPredictorService-IpmAufPreloadController: getPredictByCount: sorted launchMap: [com.zillow.android.zillowmap=84, io.syncapps.lemmy_sync=71, org.mozilla.firefox=49, com.samsung.android.app.notes=49, com.example.as1=35, com.microsoft.teams=31, com.discord=29, com.Slack=22, com.openai.chatgpt=22, com.sec.android.app.clockpackage=17, com.samsung.android.messaging=14, org.mozilla.focus=11, app.revanced.android.youtube=10, com.google.android.apps.maps=8, com.instructure.candroid=7, com.schwab.mobile=6, com.treatlifetech.smart=5, com.android.settings=5, com.sec.android.app.popupcalculator=5, com.nstudio.weatherhere.free=4, com.facebook.katana=4, com.tmreader.app=4, com.spotify.music=3, com.metrohealthcu.mfm=3, com.samsung.android.dialer=2, com.chase.sig.android=2, com.zhiliaoapp.musically=2, com.sec.android.app.camera=2, com.amazon.mShop.android.shopping=2, com.google.android.youtube=2, com.google.android.calendar=2, com.sec.android.app.myfiles=1, com.schwab.mobile.retirement=1, com.roku.remote=1, com.microsoft.office.outlook=1, com.duosecurity.duomobile=1, com.ovelin.guitartuna=1, com.sec.android.gallery3d=1, com.example.as=1, net.mullvad.mullvadvpn=1, com.getprecip.precip=1]
10-23 16:15:52.483  3559  3339 I SearchEngine: isComponentInApps() packageName : com.example.as1 / className : com.godot.game.GodotApp / userId : 0 / enable true / enabledSetting 0
10-23 16:33:59.439  7589 21726 I FASProvider: makeValuesForFasUpdate contentValues = package_name=com.example.as1 uid=10265 level=1 resetTime=1729719239433
10-23 16:39:19.814  8157  8186 I GOS:GameServiceReceiver:  PkgInstallStarted for com.example.as1 UserID : 0
10-23 16:39:19.897  8157 12976 I GOS:GameIntentService: onPackageChanged(). extras: Bundle[{changeType=2, userId=0, type=15, packageName=com.example.as1}]
10-23 16:39:19.898  8157 12976 I GOS:GameIntentService: onPackageChanged(). changeType(INSTALL_STARTED), pkgName(com.example.as1), UserHandle(0), userId(0), Installed(true)
10-23 16:39:20.034 12975 12975 I Finsky  : [2] anfi.b(67): VerifyApps: Install-time verification requested for package com.example.as1, id = 158
10-23 16:39:20.095 12975 13000 I Finsky  : [104] VerifyAppsInstallTask.mu(52): VerifyApps: Anti-malware verification task started for package=com.example.as1
10-23 16:39:20.095 12975 13000 I Finsky  : [104] VerifyAppsInstallTask.mu(747): VerifyApps: Skipping anti malware verification (preconditions not met). package=com.example.as1
10-23 16:39:20.143 12975 12975 I Finsky  : [2] VerifyInstallTask.ms(75): VerifyApps: Install-time verification complete: id=158, package_name=com.example.as1
10-23 16:39:20.144  1781  2347 I PackageManager:           pkg{com.example.as1}
10-23 16:39:20.205  1781  2031 I ActivityManager: Force stopping com.example.as1 appid=10265 user=-1: installPackageLI
10-23 16:39:20.210  1781  2346 I PackageManager: Update package com.example.as1 code path from /data/app/~~klSDI1UprFXChfJlDe3eAQ==/com.example.as1-4Wfdv00OOfJoaYyFUs-Ssg== to /data/app/~~g52beN-EstBE_Xsi8a0Dqw==/com.example.as1-piadoTFmliKjTTDqPnC9eg==; Retain data and using new
10-23 16:39:20.213  1781  2346 I AppsFilter: interaction: PackageSetting{665e0c com.example.as/10563} -> PackageSetting{6c1e2e3 com.example.as1/10265} BLOCKED
10-23 16:39:20.213  1781  2346 I AppsFilter: interaction: PackageSetting{bdbc53f com.example.CL/10562} -> PackageSetting{6c1e2e3 com.example.as1/10265} BLOCKED
10-23 16:39:20.213  1781  2346 I AppsFilter: interaction: PackageSetting{f37c5dc com.example.cookingadventure/10012} -> PackageSetting{6c1e2e3 com.example.as1/10265} BLOCKED
10-23 16:39:20.213  1781  2346 I AppsFilter: interaction: PackageSetting{665e0c com.example.as/10563} -> PackageSetting{60eecc7 com.example.as1/10265} BLOCKED
10-23 16:39:20.213  1781  2346 I AppsFilter: interaction: PackageSetting{bdbc53f com.example.CL/10562} -> PackageSetting{60eecc7 com.example.as1/10265} BLOCKED
10-23 16:39:20.213  1781  2346 I AppsFilter: interaction: PackageSetting{f37c5dc com.example.cookingadventure/10012} -> PackageSetting{60eecc7 com.example.as1/10265} BLOCKED
10-23 16:39:20.215  1781  2346 W PackageManager: Skipping provider name com.example.as1.fileprovider (in package com.example.as1): name already used by com.example.as1
10-23 16:39:20.762  1781  2346 D PackageManager: isLocaleOptimizedPackage() -  Non optimized app: com.example.as1. Proceed with normal install
10-23 16:39:20.763  1781  2346 I AppsFilter: interaction: PackageSetting{665e0c com.example.as/10563} -> PackageSetting{60eecc7 com.example.as1/10265} BLOCKED
10-23 16:39:20.763  1781  2346 I AppsFilter: interaction: PackageSetting{bdbc53f com.example.CL/10562} -> PackageSetting{60eecc7 com.example.as1/10265} BLOCKED
10-23 16:39:20.763  1781  2346 I AppsFilter: interaction: PackageSetting{f37c5dc com.example.cookingadventure/10012} -> PackageSetting{60eecc7 com.example.as1/10265} BLOCKED
10-23 16:39:20.998  1781  2346 I ActivityManager: Force stopping com.example.as1 appid=10265 user=0: pkg removed
10-23 16:39:21.050  1781  3106 D OverlayManager: reconcileSettingsForPackage pkgName=com.example.as1 userId=0
10-23 16:39:21.050  1781  3106 I OverlayManager: updateOverlaysForTarget() called with: targetPackage = [com.example.as1], userId = [0], flags = [2]
10-23 16:39:21.056  5103  5273 I PackageInfoManager_FLP: action : ACTION_PACKAGE_REMOVED, packageName = com.example.as1
10-23 16:39:21.057  5103  5273 I PackageInfoManager_FLP: action : ACTION_PACKAGE_ADDED, packageName = com.example.as1
10-23 16:39:21.060  1781  3106 D OverlayManager: reconcileSettingsForPackage pkgName=com.example.as1 userId=0
10-23 16:39:21.061  1781  3106 I OverlayManager: updateOverlaysForTarget() called with: targetPackage = [com.example.as1], userId = [0], flags = [0]
10-23 16:39:21.061  1781  3106 I SWT_ThemeManager: update color theme overlay, pkg = com.example.as1, overlay = null
10-23 16:39:21.061  1781  3208 W PackageConfigPersister: App-specific configuration not found for packageName: com.example.as1 and userId: 0
10-23 16:39:21.061  1781  2019 I SGM:GameManager: PkgUpdateReceiver, onPackageRemoved : com.example.as1 userHandle : UserHandle{0} userID : 0
10-23 16:39:21.064  1781  3202 D SGM:GosNotifyThread: notifyPackageChangedToGos(), before send intent to GOS. type:15, changeType: 1, pkgName:com.example.as1, userHandleId:0
10-23 16:39:21.068  4282  4282 I VvmPkgInstalledRcvr: packageName: com.example.as1, systemDialer: com.samsung.android.dialer
10-23 16:39:21.076  1781  3908 I AppWidgetServiceImpl: Received broadcast: android.intent.action.PACKAGE_ADDED, Updates all providers with com.example.as1, userId: 0
10-23 16:39:21.083  1781  3908 I AppWidgetServiceImpl: queryIntentReceivers intent : Intent { act=android.appwidget.action.APPWIDGET_UPDATE pkg=com.example.as1 }  userid : 0  flags : 268436608 result : 0
10-23 16:39:21.083  1781  1907 I CDM_CompanionDeviceManagerService: onPackageModified() u0/com.example.as1
10-23 16:39:21.086  1781  3161 D SEP_UNION_SemDeviceInfoManagerService: Package com.example.as1 is removed on User 0 
10-23 16:39:21.092  4282  4282 I VvmPkgInstalledRcvr:  NOT contains : com.example.as1
10-23 16:39:21.092  4282  4282 D CarrierSvcBindHelper: onPackageUpdateFinished: com.example.as1
10-23 16:39:21.093  4282  4282 D CarrierSvcBindHelper: onPackageModified: com.example.as1
10-23 16:39:21.093  4282  4412 D ImsResolver: maybeAddedImsService, packageName: com.example.as1
10-23 16:39:21.099  4044  4044 D Navbar.Store: handleEvent(0) OnPackageRemoved(packageName=com.example.as1) [Module] NavBarStoreImpl
10-23 16:39:21.099  4044  4044 D FaceWidgetMusicViewModel: onPackageRemoved() pkg = com.example.as1, r = true
10-23 16:39:21.099  4044  4044 D FaceWidgetMetadataParser: removePackage() key = com.example.as1
10-23 16:39:21.099  1781  1781 D SdpManagerImpl.receiver: On android.intent.action.PACKAGE_REMOVED : DATA = package:com.example.as1, UID = 10265, UserId = 0, Is replacing? true
10-23 16:39:21.100  4282  4282 I VvmPkgInstalledRcvr: packageName: com.example.as1, systemDialer: com.samsung.android.dialer
10-23 16:39:21.101  1781  1781 I Telecom : CarModeTracker: Package com.example.as1 is not tracked.: SSH.oR@hDI
10-23 16:39:21.103  1781  3979 I SdkSandboxManager: No SDKs used. Skipping SDK data reconcilation for CallingInfo{mUid=10265, mPackageName='com.example.as1, mAppProcessToken='null'}
10-23 16:39:21.103  1781  3979 I SdkSandboxManager: No SDKs used. Skipping SDK data reconcilation for CallingInfo{mUid=10265, mPackageName='com.example.as1, mAppProcessToken='null'}
10-23 16:39:21.103  1781  1907 D LocationManagerService: package com.example.as1 reset
10-23 16:39:21.105  1781  4046 I Pageboost: remove app @ runtime : com.example.as1
10-23 16:39:21.108  4282  4282 I VvmPkgInstalledRcvr:  NOT contains : com.example.as1
10-23 16:39:21.116  7449 13134 I [SC]PackageAddMonitorReceiverImpl: onReceive: com.example.as1
10-23 16:39:21.116  4044  4155 D PluginActionManager: queryPkg com.example.as1 com.android.systemui.action.PLUGIN_NOTIFICATION_MENU_ROW
10-23 16:39:21.116  4044  4126 D BluetoothEventManager: AppPackageChangedHandler: package name = com.example.as1
10-23 16:39:21.118  4044  4044 D FaceWidgetMetadataParser: updatePackage() com.example.as1 true
10-23 16:39:21.118  4044  4155 D PluginActionManager: queryPkg com.example.as1 com.android.systemui.action.PLUGIN_NOTIFICATION_MENU_ROW
10-23 16:39:21.118  4044  4155 D PluginActionManager: queryPkg com.example.as1 com.android.systemui.action.PEOPLE_HUB_PERSON_EXTRACTOR
10-23 16:39:21.118  4044  4155 D PluginActionManager: queryPkg com.example.as1 com.android.systemui.action.PLUGIN_GLOBAL_ACTIONS
10-23 16:39:21.118  4044  4155 D PluginActionManager: queryPkg com.example.as1 com.android.systemui.action.PLUGIN_NOTIFICATION_ASSISTANT
10-23 16:39:21.118  4044  4155 D PluginActionManager: queryPkg com.example.as1 com.android.systemui.action.PLUGIN_OVERLAY
10-23 16:39:21.119  4044  4155 D PluginActionManager: queryPkg com.example.as1 com.android.systemui.action.PLUGIN_QS
10-23 16:39:21.119  4044  4155 D PluginActionManager: queryPkg com.example.as1 com.android.systemui.action.PLUGIN_VOLUME
10-23 16:39:21.119  4044  4155 D PluginActionManager: queryPkg com.example.as1 com.android.systemui.action.PLUGIN_CLOCK_PROVIDER
10-23 16:39:21.119  4044  4155 D PluginActionManager: queryPkg com.example.as1 com.android.systemui.action.PLUGIN_SENSOR_MANAGER
10-23 16:39:21.119  4044  4155 D PluginActionManager: queryPkg com.example.as1 com.android.systemui.action.PLUGIN_NOTIFICATION_MENU_ROW
10-23 16:39:21.119  4044  4155 D PluginActionManager: queryPkg com.example.as1 com.android.systemui.action.PLUGIN_QS_FACTORY
10-23 16:39:21.119  4044  4155 D PluginActionManager: queryPkg com.example.as1 com.android.systemui.action.PLUGIN_TOAST
10-23 16:39:21.119  4044  4155 D PluginActionManager: queryPkg com.example.as1 com.android.systemui.action.PLUGIN_NOTIFICATION_MENU_ROW
10-23 16:39:21.119  4044  4155 D PluginActionManager: queryPkg com.example.as1 com.samsung.systemui.action.PLUGIN_FACE_WIDGET
10-23 16:39:21.120  4044  4155 D PluginActionManager: queryPkg com.example.as1 com.android.systemui.action.PLUGIN_NOTIFICATION_MENU_ROW
10-23 16:39:21.120  4044  4155 D PluginActionManager: queryPkg com.example.as1 com.android.systemui.action.PLUGIN_NOTIFICATION_MENU_ROW
10-23 16:39:21.120  4044  4155 D PluginActionManager: queryPkg com.example.as1 com.android.systemui.action.PEOPLE_HUB_PERSON_EXTRACTOR
10-23 16:39:21.120  4044  4155 D PluginActionManager: queryPkg com.example.as1 com.android.systemui.action.PLUGIN_GLOBAL_ACTIONS
10-23 16:39:21.120  4044  4155 D PluginActionManager: queryPkg com.example.as1 com.android.systemui.action.PLUGIN_NOTIFICATION_ASSISTANT
10-23 16:39:21.120  4044  4155 D PluginActionManager: queryPkg com.example.as1 com.android.systemui.action.PLUGIN_OVERLAY
10-23 16:39:21.120  4044  4155 D PluginActionManager: queryPkg com.example.as1 com.android.systemui.action.PLUGIN_QS
10-23 16:39:21.120  4044  4155 D PluginActionManager: queryPkg com.example.as1 com.android.systemui.action.PLUGIN_VOLUME
10-23 16:39:21.120  4044  4155 D PluginActionManager: queryPkg com.example.as1 com.android.systemui.action.PLUGIN_CLOCK_PROVIDER
10-23 16:39:21.121  4044  4155 D PluginActionManager: queryPkg com.example.as1 com.android.systemui.action.PLUGIN_SENSOR_MANAGER
10-23 16:39:21.121  4044  4044 D FaceWidgetMetadataParser: removePackage() key = com.example.as1
10-23 16:39:21.121  4044  4155 D PluginActionManager: queryPkg com.example.as1 com.android.systemui.action.PLUGIN_NOTIFICATION_MENU_ROW
10-23 16:39:21.121  4044  4155 D PluginActionManager: queryPkg com.example.as1 com.android.systemui.action.PLUGIN_QS_FACTORY
10-23 16:39:21.121  4044  4155 D PluginActionManager: queryPkg com.example.as1 com.android.systemui.action.PLUGIN_TOAST
10-23 16:39:21.121  4044  4155 D PluginActionManager: queryPkg com.example.as1 com.android.systemui.action.PLUGIN_NOTIFICATION_MENU_ROW
10-23 16:39:21.122  4044  4155 D PluginActionManager: queryPkg com.example.as1 com.samsung.systemui.action.PLUGIN_FACE_WIDGET
10-23 16:39:21.122  1781  1781 D DevicePolicyManager:  handle packages changed  setCrossProfileAppToIgnored com.example.as1 0
10-23 16:39:21.134  1781  1781 D SGM:GameManager: identifyGamePackage. com.example.as1, mCurrentUserId: 0, callerUserId: 0, callingMethodInfo: com.samsung.android.game.SemGameManager.isGamePackage(SemGameManager.java:109)
10-23 16:39:21.134  1781  1781 D SGM:PkgDataHelper: getGamePkgData(). com.example.as1
10-23 16:39:21.134  1781  1781 D SGM:SemGameManager: isGamePackage(), pkgName=com.example.as1, ret=false
10-23 16:39:21.139  1781  1781 V GameManagerService_GamePackageConfiguration: No android.game_mode_config meta-data found for package com.example.as1
10-23 16:39:21.140  1781  1781 V GameManagerService: Package configuration not found for com.example.as1
10-23 16:39:21.141  1781  2019 D MetaDataCollector: onReceive: done pkgName=com.example.as1
10-23 16:39:21.142  1781  3961 D SGM:GameManager: identifyGamePackage. com.example.as1, mCurrentUserId: 0, callerUserId: 0, callingMethodInfo: com.samsung.android.game.SemGameManager.isGamePackage(SemGameManager.java:109)
10-23 16:39:21.142  1781  3961 D SGM:PkgDataHelper: getGamePkgData(). com.example.as1
10-23 16:39:21.142  1781  3961 D SGM:SemGameManager: isGamePackage(), pkgName=com.example.as1, ret=false
10-23 16:39:21.143  1781  1781 I Telecom:SamsungOpenCommunicationPlatformPolicyPackageBroadcastReceiver: action : android.intent.action.PACKAGE_ADDED / packageName : com.example.as1
10-23 16:39:21.158  7449  7764 I [SC]SyncAuthority: com.example.as1: authority not found!
10-23 16:39:21.166  1781  1781 W AlarmManager: Package com.example.as1, uid 10265 lost permission to set exact alarms!
10-23 16:39:21.167  7449 13133 I [SC]PackageRemoveMonitorReceiverImpl: onReceive: com.example.as1 false
10-23 16:39:21.168  7449  7764 I [SC]SyncAuthority: com.example.as1: authority not found!
10-23 16:39:21.172  1781  2019 D LauncherAppsService: Calling onPackageRemoved: com.example.as1, EXTRA_REPLACING: true
10-23 16:39:21.182 12975 12975 I Finsky  : [2] uba.d(67): IQ: onPackageRemoved com.example.as1, replacing=true, uninstallingFromPlay=false
10-23 16:39:21.182  1781  3961 D SGM:GameManager: identifyGamePackage. com.example.as1, mCurrentUserId: 0, callerUserId: 0, callingMethodInfo: com.samsung.android.game.SemGameManager.isGamePackage(SemGameManager.java:109)
10-23 16:39:21.182  1781  3961 D SGM:PkgDataHelper: getGamePkgData(). com.example.as1
10-23 16:39:21.182  1781  3961 D SGM:SemGameManager: isGamePackage(), pkgName=com.example.as1, ret=false
10-23 16:39:21.182 12975 12975 I Finsky  : [2] lvl.f(7): AIM: AppInfoCacheUpdater -> invalidating apps: [com.example.as1]
10-23 16:39:21.191 12975 13007 I Finsky  : [111] lxg.a(47): AIM: AppInfoManager-Perf > OnDeviceAppInfo > cacheHitCount=0, cacheMissCount=1. Missed  in cache (limit 10) : [com.example.as1]
10-23 16:39:21.206 10154 10154 I SafetyLabelChangedBroadcastReceiver: received broadcast packageName: com.example.as1, current user: UserHandle{0}, packageChangeEvent: UPDATE, intent user: UserHandle{0}
10-23 16:39:21.222  1781  4046 D SGM:GameManager: identifyGamePackage. com.example.as1, mCurrentUserId: 0, callerUserId: 0, callingMethodInfo: com.samsung.android.game.SemGameManager.isGamePackage(SemGameManager.java:109)
10-23 16:39:21.222  1781  4046 D SGM:PkgDataHelper: getGamePkgData(). com.example.as1
10-23 16:39:21.222  1781  4046 D SGM:SemGameManager: isGamePackage(), pkgName=com.example.as1, ret=false
10-23 16:39:21.222  1781  4046 I Pageboost: appinfo : com.example.as1 0 0 0 0
10-23 16:39:21.222  1781  4046 D SGM:GameManager: identifyGamePackage. com.example.as1, mCurrentUserId: 0, callerUserId: 0, callingMethodInfo: com.samsung.android.game.SemGameManager.isGamePackage(SemGameManager.java:109)
10-23 16:39:21.222  1781  4046 D SGM:PkgDataHelper: getGamePkgData(). com.example.as1
10-23 16:39:21.222  1781  4046 D SGM:SemGameManager: isGamePackage(), pkgName=com.example.as1, ret=false
10-23 16:39:21.222  1781  4046 I Pageboost: Reset this app info : com.example.as1 
10-23 16:39:21.231  1781  4046 I Pageboost: add app to global @ runtime: com.example.as1
10-23 16:39:21.253  2289 13179 I ProximityAuth: [RecentAppsMediator] Package added: (user=UserHandle{0}) com.example.as1
10-23 16:39:21.309 12975 12975 I Finsky  : [2] lvl.f(7): AIM: AppInfoCacheUpdater -> invalidating apps: [com.example.as1]
10-23 16:39:21.531  6139  6139 W SAPackageEventReceiver: PACKAGE_REMOVED intent came late : com.example.as1
10-23 16:39:21.531  6139  6139 I SAPackageEventReceiver: App com.example.as1 was installed.
10-23 16:39:21.531  6139  6139 I SAPackageEventReceiver: registerService : com.example.as1
10-23 16:39:21.536  4922  4922 E HMPackageReceiver: This package will be replaced = com.example.as1
10-23 16:39:21.548  8227 13211 W SQLiteLog: (28) double-quoted string literal: "com.example.as1"
10-23 16:39:21.553  4922  4922 I PM::HMPackageBroadcastReceiver: isEssentialProvider(com.example.as1) = false
10-23 16:39:21.555  4922  4922 I CommonUtils: isCompanionApp packageInfo = PackageInfo{f38ff84 com.example.as1}
10-23 16:39:21.555  4922  4922 I PM::HMPackageBroadcastReceiver: isCompanionApp(com.example.as1) = false
10-23 16:39:21.555  4922  4922 I PM::HMPackageBroadcastReceiver: isWatchApp(com.example.as1) = false
10-23 16:39:21.556  4922  4922 I PM::HMPackageBroadcastReceiver: com.example.as1 has not METADATA for EULA agreement
10-23 16:39:21.556  4922  4922 I PM::HMPackageBroadcastReceiver: onReceive(), com.example.as1 is installed, requesting to sync...
10-23 16:39:21.557  4922  4922 I StatusUtils: ST::StatusUtils::isRequiredPacakgeWearable()::deviceID=[##:##:##:##:72:3F] packageName=[com.example.as1]
10-23 16:39:21.571  4922  4922 I StatusUtils: ST::StatusUtils::isRequiredPacakgeWearable::packageName=[com.example.as1] ret=false
10-23 16:39:21.575  4922  4922 I PM::HMPackageBroadcastReceiver: Updated package: com.example.as1
10-23 16:39:21.575  4922  4922 I PM::HMPackageBroadcastReceiver: isPluginupdatecase(com.example.as1) = false
10-23 16:39:21.599 12975 13012 I Finsky  : [116] lxg.a(47): AIM: AppInfoManager-Perf > OnDeviceAppInfo > cacheHitCount=0, cacheMissCount=1. Missed  in cache (limit 10) : [com.example.as1]
10-23 16:39:21.690 13193 13193 I Routine@Core[4.6.02.0]: MetadataLoaderImpl: collectInBackground - packageName:com.example.as1
10-23 16:39:21.690 13193 13193 I Routine@Core[4.6.02.0]: MetadataSyncBacklog: add: null + com.example.as1
10-23 16:39:21.842 13193 13193 I Routine@Core[4.6.02.0]: MetadataLoaderJobService: onStartJob: collectPackageInBG - com.example.as1
10-23 16:39:21.843 13193 13193 I Routine@Core[4.6.02.0]: MetadataLoaderJobService: packageName : com.example.as1, forced : true
10-23 16:39:21.917 13193 13339 I Routine@Core[4.6.02.0]: MetadataLoadManager: collect: com.example.as1
10-23 16:39:21.918 13193 13339 I Routine@Core[4.6.02.0]: MetadataLoadManager: collectWithCollectors - com.example.as1
10-23 16:39:21.922 13193 13339 I Routine@Core[4.6.02.0]: MetadataLoadManager: doPostCollectionTasks - packageName:com.example.as1
10-23 16:39:21.938 13242 13242 I FILP/PackageIntentReceiver: pkgName : com.example.as1
10-23 16:39:21.993 13193 13193 I Routine@Core[4.6.02.0]: MetadataLoaderJobService: metadataLoadingFinished: collectPackageInBG - com.example.as1
10-23 16:39:22.003 13242 13353 I FILP/c  : removeFromFS : com.example.as1, cursor size : 0
10-23 16:39:22.007 13242 13242 I FILP/PackageIntentReceiver: pkgName : com.example.as1
10-23 16:39:22.035 13242 13353 I FILP/c  : Delete DB result : com.example.as1, 0
10-23 16:39:22.057 13242 13353 I FILP/c  : uninstallFilters mPackageName: com.example.as1
10-23 16:39:22.209  4044  4044 I AppWidgetDataProvider:  updatePackageChangeData type  1 , pack type 1  ,  pkg com.example.as1
10-23 16:39:22.275  1781  1910 I ChimeraSystemEventListener: appLaunchIntent package name is: com.example.as1
10-23 16:39:22.285  1781  8266 V WindowManager: Collecting in transition 4949: ActivityRecord{2bcfead u0 com.example.as1/com.godot.game.GodotApp, caller=com.android.server.wm.Transition.collect:759 com.android.server.wm.TransitionController.collect:935 com.android.server.wm.ActivityStarter.startActivityUnchecked:2376 com.android.server.wm.ActivityStarter.executeRequest:1953 com.android.server.wm.ActivityStarter.execute:1093 
10-23 16:39:22.285  1781  8266 D ActivityTaskManager: TaskLaunchParamsModifier:task=null activity=ActivityRecord{2bcfead u0 com.example.as1/com.godot.game.GodotApp t-1} display-id=0 task-display-area-windowing-mode=1 suggested-display-area=DefaultTaskDisplayArea_d0@3121700
10-23 16:39:22.287  1781  8266 D ActivityTaskManager: TaskLaunchParamsModifier:task=null activity=ActivityRecord{2bcfead u0 com.example.as1/com.godot.game.GodotApp t-1} display-id=0 task-display-area-windowing-mode=1 suggested-display-area=DefaultTaskDisplayArea_d0@3121700 non-freeform-task-display-area display-area=DefaultTaskDisplayArea_d0@3121700 activity-requested-landscape freeform-size-mismatch=Rect(81, 568 - 999, 1768)
10-23 16:39:22.289  1781  8266 D ActivityTaskManager: TaskLaunchParamsModifier:task=Task{c244430 #47228 type=standard A=10265:com.example.as1} activity=ActivityRecord{2bcfead u0 com.example.as1/com.godot.game.GodotApp t-1} display-from-task=0 display-id=0 task-display-area-windowing-mode=1 suggested-display-area=DefaultTaskDisplayArea_d0@3121700 inherit-from-task=fullscreen non-freeform-task-display-area display-area=DefaultTaskDisplayArea_d0@3121700 activity-requested-landscape freeform-size-mismatch=Rect(81, 568 - 999, 1768)
10-23 16:39:22.289  1781  8266 V WindowManager: Collecting in transition 4949: Task{c244430 #47228 type=standard A=10265:com.example.as1}, caller=com.android.server.wm.Transition.collect:759 com.android.server.wm.Transition.collectExistenceChange:942 com.android.server.wm.TransitionController.collectExistenceChange:985 com.android.server.wm.ActivityStarter.setNewTask:4727 com.android.server.wm.ActivityStarter.startActivityInner:2944 
10-23 16:39:22.290  1676  1746 I SurfaceFlinger: id=57917 createSurf, flag=84004, ActivityRecord{2bcfead u0 com.example.as1/com.godot.game.GodotApp t47228}#57917
10-23 16:39:22.291  1781  8266 D ActivityTaskManager: Add starting ActivityRecord{2bcfead u0 com.example.as1/com.godot.game.GodotApp t47228}: typeParam=139 startingData=com.android.server.wm.SplashScreenStartingData@620ee2e
10-23 16:39:22.292  1781  8266 V WindowManager: Added starting ActivityRecord{2bcfead u0 com.example.as1/com.godot.game.GodotApp t47228}: startingWindow=null startingView=com.android.server.wm.StartingSurfaceController$StartingSurface@a2b9dcf
10-23 16:39:22.293  1781  8266 V WindowManager: Collecting in transition 4949: ActivityRecord{2bcfead u0 com.example.as1/com.godot.game.GodotApp t47228}, caller=com.android.server.wm.Transition.collect:759 com.android.server.wm.Transition.collectExistenceChange:942 com.android.server.wm.TransitionController.collectExistenceChange:985 com.android.server.wm.ActivityStarter.handleStartResult:2557 com.android.server.wm.ActivityStarter.startActivityUnchecked:2384 
10-23 16:39:22.293  1781  8266 I ActivityTaskManager: START u0 {act=android.intent.action.MAIN flg=0x10000000 cmp=com.example.as1/com.godot.game.GodotApp} with LAUNCH_SINGLE_INSTANCE_PER_TASK from uid 2000 (BAL_ALLOW_PERMISSION) result code=0
10-23 16:39:22.296  4044  4102 V WindowManagerShell: Transition requested: android.os.BinderProxy@105e34 TransitionRequestInfo { type = OPEN, triggerTask = TaskInfo{userId=0 taskId=47228 displayId=0 isRunning=true baseIntent=Intent { act=android.intent.action.MAIN flg=0x10000000 cmp=com.example.as1/com.godot.game.GodotApp } baseActivity=ComponentInfo{com.example.as1/com.godot.game.GodotApp} topActivity=ComponentInfo{com.example.as1/com.godot.game.GodotApp} origActivity=null realActivity=ComponentInfo{com.example.as1/com.godot.game.GodotApp} numActivities=1 lastActiveTime=396422337 supportsMultiWindow=true resizeMode=2 isResizeable=true minWidth=-1 minHeight=-1 maxWidth=-1 maxHeight=-1 defaultMinSize=220 token=WCT{android.window.IWindowContainerToken$Stub$Proxy@3e4245d} topActivityType=1 pictureInPictureParams=null shouldDockBigOverlays=false launchIntoPipHostTaskId=-1 lastParentTaskIdBeforePip=-1 displayCutoutSafeInsets=Rect(0, 80 - 0, 0) topActivityInfo=ActivityInfo{82601d2 com.godot.game.GodotApp} launchCookies=[] positionInParent=Point(0, 0) parentTaskId=-1 isFocused=false isVisible=false isVisibleRequested=false isSleeping=false topActivityInSizeCompat=false topActivityEligibleForLetterboxEducation= false topActivityLetterboxed= false isFromDoubleTap= false topActivityLetterboxVerticalPosition= -1 topActivityLetterboxHorizontalPosition= -1 topActivityLetterboxWidth=-1 topActivityLetterboxHeight=-1 locusId=null displayAreaFeatureId=1 cameraCompatControlState=hidden originallySupportedMultiWindow=true hasWallpaper=false topActivityInFixedAspectRatio=false rootAffinity=10265:com.example.as1 topActivityInDisplayCompat=false topActivityInBoundsCompat=false topActivityBounds=null singleTapFromLetterbox=false isTopTaskInStage=false topActivityUiMode=33 CoverLauncherWidgetTask=false CoverScreenTask=false isAllowedSeamlessRotation=false isTopTransparentActivity=false hasPopOver=false}, remoteTransition = null, displayChange = null }
10-23 16:39:22.307  1781  7984 D WindowManager: prepareSync <SYNC_STATE_WAITING_FOR_DRAW>, mPrepareSyncSeqId=0, win=Window{ffb3e19 u0 Splash Screen com.example.as1}
10-23 16:39:22.308  1676  1861 I SurfaceFlinger: id=57918 createSurf, flag=84004, ffb3e19 Splash Screen com.example.as1#57918
10-23 16:39:22.308  3559  3644 I HoneySpace.TopTaskUseCase: topTasks 47228 ComponentInfo{com.example.as1/com.godot.game.GodotApp}
10-23 16:39:22.308  1781  7984 V WindowManager: addWindow: ActivityRecord{2bcfead u0 com.example.as1/com.godot.game.GodotApp t47228} startingWindow=Window{ffb3e19 u0 Splash Screen com.example.as1}
10-23 16:39:22.310  4044  4124 I InsetsController: onStateChanged: host=Splash Screen com.example.as1, from=android.view.ViewRootImpl.setView:1753, state=InsetsState: {mDisplayFrame=Rect(0, 0 - 1080, 2400), mDisplayCutout=DisplayCutout{insets=Rect(0, 80 - 0, 0) waterfall=Insets{left=0, top=0, right=0, bottom=0} boundingRect={Bounds=[Rect(0, 0 - 0, 0), Rect(510, 0 - 570, 80), Rect(0, 0 - 0, 0), Rect(0, 0 - 0, 0)]} cutoutPathParserInfo={CutoutPathParserInfo{displayWidth=1080 displayHeight=2400 physicalDisplayWidth=1080 physicalDisplayHeight=2400 density={3.0} cutoutSpec={M 0,0 H -10 V 26.66666666666667 H 10 V 0 H 0 Z @dp} rotation={0} scale={1.0} physicalPixelDisplaySizeRatio={1.0}}}}, mRoundedCorners=RoundedCorners{[RoundedCorner{position=TopLeft, radius=90, center=Point(90, 90)}, RoundedCorner{position=TopRight, radius=90, center=Point(990, 90)}, RoundedCorner{position=BottomRight, radius=90, center=Point(990, 2310)}, RoundedCorner{position=BottomLeft, radius=90, center=Point(90, 2310)}]}  mRoundedCornerFrame=Rect(0, 0 - 1080, 2400), mPrivacyIndicatorBounds=PrivacyIndicatorBounds {static bounds=Rect(948, 0 - 1080, 80) rotation=0}, mDisplayShape=DisplayShape{ spec=-311912193 displayWidth=1080 displayHeight=2400 physicalPixelDisplaySizeRatio=1.0 rotation=0 offsetX=0 offsetY=0 scale=1.0}, mSources= { InsetsSource: {27 mType=displayCutout mFrame=[0,0][1080,80] mVisible=true mFlags=[]}, InsetsSource: {e30000 mType=statusBars mFrame=[0,0][1080,80] mVisible=true mFlags=[]}, InsetsSource: {e30005 mType=mandatorySystemGestures mFrame=[0,0][1080,116] mVisible=true mFlags=[]}, InsetsSource: {e30006 mType=tappableElement mFrame=[0,0][1080,80] mVisible=true mFlags=[]}, InsetsSource: {4fc30001 mType=navigationBars mFrame=[0,2256][1080,2400] mVisible=true mFlags=[]}, InsetsSource: {4fc30004 mType=systemGestures mFrame=[0,0][0,0] mVisible=true mFlags=[]}, InsetsSource: {4fc30005 mType=mandatorySystemGestures mFrame=[0,2256][1080,2400] mVisible=true mFlags=[]}, InsetsSource: {4fc30006 mType=tappableElement mFrame=[0,2256][1080,2400] mVisible=true mFlags=[]}, InsetsSource: {4fc30024 mType=systemGestures mFrame=[0,0][0,0] mVisible=true mFlags=[]} }
10-23 16:39:22.313  1781  4110 D CoreBackPreview: Window{ffb3e19 u0 Splash Screen com.example.as1}: Setting back callback OnBackInvokedCallbackInfo{mCallback=android.window.IOnBackInvokedCallback$Stub$Proxy@31598bf, mPriority=0, mIsAnimationCallback=false}
10-23 16:39:22.313  1781  4115 V WindowManager: Relayout Window{ffb3e19 u0 Splash Screen com.example.as1}: viewVisibility=0 req=1080x2400 ty=3 d0
10-23 16:39:22.314  1676  1861 I SurfaceFlinger: id=57919 createSurf, flag=44004, Splash Screen com.example.as1$_4044#57919
10-23 16:39:22.314  1781  4115 D WindowManager: makeSurface duration=1 name=Splash Screen com.example.as1$_4044
10-23 16:39:22.323  1781  4111 V WindowManager: Collecting in transition 4949: ActivityRecord{2bcfead u0 com.example.as1/com.godot.game.GodotApp t47228}, caller=com.android.server.wm.Transition.collect:759 com.android.server.wm.TransitionController.collect:935 com.android.server.wm.ActivityRecord.setVisibility:6348 com.android.server.wm.ActivityRecord.setVisibility:6300 com.android.server.wm.EnsureActivitiesVisibleHelper.makeVisibleAndRestartIfNeeded:337 
10-23 16:39:22.348  1781  4110 D WindowManager: finishDrawingWindow: Window{ffb3e19 u0 Splash Screen com.example.as1} mDrawState=DRAW_PENDING seqId=0
10-23 16:39:22.348  1781  4110 V WindowManager: Finishing drawing window Window{ffb3e19 u0 Splash Screen com.example.as1}: mDrawState=DRAW_PENDING
10-23 16:39:22.348  1781  4110 V WindowManager: Draw state now committed in Window{ffb3e19 u0 Splash Screen com.example.as1}
10-23 16:39:22.350  1781  1911 D WindowManager: rotationForOrientation, orientationSource=ActivityRecord{2bcfead u0 com.example.as1/com.godot.game.GodotApp t47228}
10-23 16:39:22.351  1781  1911 D ActivityTaskManager: applyFixedRotationTransform, r=ActivityRecord{2bcfead u0 com.example.as1/com.godot.game.GodotApp t47228}, caller=com.android.server.wm.DisplayContent.startFixedRotationTransform:2538 com.android.server.wm.DisplayContent.setFixedRotationLaunchingApp:2474 com.android.server.wm.DisplayContent.handleTopActivityLaunchingInDifferentOrientation:2372 com.android.server.wm.DisplayContent.updateOrientation:2170 com.android.server.wm.DisplayContent.updateOrientation:2066 
10-23 16:39:22.361  1781  1911 D WindowManager: setFixedRotationLaunchingAppUnchecked, rotation=1, r=ActivityRecord{2bcfead u0 com.example.as1/com.godot.game.GodotApp t47228}, caller=com.android.server.wm.DisplayContent.setFixedRotationLaunchingApp:2476 com.android.server.wm.DisplayContent.handleTopActivityLaunchingInDifferentOrientation:2372 com.android.server.wm.DisplayContent.updateOrientation:2170 com.android.server.wm.DisplayContent.updateOrientation:2066 com.android.server.wm.ActivityRecord.onStartingWindowDrawn:7942 
10-23 16:39:22.362  1781  1911 V WindowManager: Start calculating TransitionInfo based on participants: {ActivityRecord{f0961f u0 io.syncapps.lemmy_sync/.ui.activities.MainActivity t47208}, ActivityRecord{2bcfead u0 com.example.as1/com.godot.game.GodotApp t47228}, Task{c244430 #47228 type=standard A=10265:com.example.as1}, ActivityRecord{d5443a5 u0 io.syncapps.lemmy_sync/.ui.activities.CasualActivity t47208}}
10-23 16:39:22.362  1781  1911 V WindowManager:   Final targets: [Task{c244430 #47228 type=standard A=10265:com.example.as1}, Task{649fe9a #47208 type=standard A=10551:io.syncapps.lemmy_sync}]
10-23 16:39:22.364  1781  1911 I SurfaceControl: show, t=StartTransaction_SyncId<4949>, sc=Surface(name=ActivityRecord{2bcfead u0 com.example.as1/com.godot.game.GodotApp t47228})/@0x73418ac, caller=com.android.server.wm.Transition.onTransactionReady:1992 com.android.server.wm.BLASTSyncEngine$SyncGroup.finishNow:315 com.android.server.wm.BLASTSyncEngine$SyncGroup.tryFinish:242 com.android.server.wm.BLASTSyncEngine$SyncGroup.-$$Nest$mtryFinish:0 com.android.server.wm.BLASTSyncEngine.onSurfacePlacement:675 com.android.server.wm.RootWindowContainer.performSurfacePlacementNoTrace:990 
10-23 16:39:22.369  1781  2035 I ActivityManager: Start proc 13418:com.example.as1/u0a265 for next-top-activity {com.example.as1/com.godot.game.GodotApp}
10-23 16:39:22.369  1781  2035 D DynamicHiddenApp_BGProtectManager: [SecIpm] it's a ML_TYPE_EMPTYPROCESS protected process com.example.as1
10-23 16:39:22.404  1781  1911 V WindowManager:         {WCT{RemoteToken{66bc15b Task{c244430 #47228 type=standard A=10265:com.example.as1}}} m=OPEN f=NONE leash=Surface(name=Task=47228)/@0xa415d0c sb=Rect(0, 0 - 1080, 2400) eb=Rect(0, 0 - 1080, 2400) d=0 endFixedRotation=1 dim=true inset=Rect(0, 72 - 0, 0)},
10-23 16:39:22.405 13418 13418 I com.example.as1: Late-enabling -Xcheck:jni
10-23 16:39:22.405  1781  1907 V WindowManager: Sent Transition #4949 createdAt=10-23 16:39:22.284 via request=TransitionRequestInfo { type = OPEN, triggerTask = TaskInfo{userId=0 taskId=47228 displayId=0 isRunning=true baseIntent=Intent { act=android.intent.action.MAIN flg=0x10000000 cmp=com.example.as1/com.godot.game.GodotApp } baseActivity=ComponentInfo{com.example.as1/com.godot.game.GodotApp} topActivity=ComponentInfo{com.example.as1/com.godot.game.GodotApp} origActivity=null realActivity=ComponentInfo{com.example.as1/com.godot.game.GodotApp} numActivities=1 lastActiveTime=396422337 supportsMultiWindow=true resizeMode=2 isResizeable=true minWidth=-1 minHeight=-1 maxWidth=-1 maxHeight=-1 defaultMinSize=220 token=WCT{RemoteToken{66bc15b Task{c244430 #47228 type=standard A=10265:com.example.as1}}} topActivityType=1 pictureInPictureParams=null shouldDockBigOverlays=false launchIntoPipHostTaskId=-1 lastParentTaskIdBeforePip=-1 displayCutoutSafeInsets=Rect(0, 80 - 0, 0) topActivityInfo=ActivityInfo{a9b1837 com.godot.game.GodotApp} launchCookies=[] positionInParent=Point(0, 0) parentTaskId=-1 isFocused=false isVisible=false isVisibleRequested=false isSleeping=false topActivityInSizeCompat=false topActivityEligibleForLetterboxEducation= false topActivityLetterboxed= false isFromDoubleTap= false topActivityLetterboxVerticalPosition= -1 topActivityLetterboxHorizontalPosition= -1 topActivityLetterboxWidth=-1 topActivityLetterboxHeight=-1 locusId=null displayAreaFeatureId=1 cameraCompatControlState=hidden originallySupportedMultiWindow=true hasWallpaper=false topActivityInFixedAspectRatio=false rootAffinity=10265:com.example.as1 topActivityInDisplayCompat=false topActivityInBoundsCompat=false topActivityBounds=null singleTapFromLetterbox=false isTopTaskInStage=false topActivityUiMode=33 CoverLauncherWidgetTask=false CoverScreenTask=false isAllowedSeamlessRotation=false isTopTransparentActivity=false hasPopOver=false}, remoteTransition = null, displayChange = null }
10-23 16:39:22.406  1781  1907 V WindowManager:         {WCT{RemoteToken{66bc15b Task{c244430 #47228 type=standard A=10265:com.example.as1}}} m=OPEN f=NONE leash=Surface(name=Task=47228)/@0xa415d0c sb=Rect(0, 0 - 1080, 2400) eb=Rect(0, 0 - 1080, 2400) d=0 endFixedRotation=1 dim=true inset=Rect(0, 72 - 0, 0)},
10-23 16:39:22.406  4044  4124 I InsetsController: onStateChanged: host=Splash Screen com.example.as1, from=android.view.ViewRootImpl$ViewRootHandler.handleMessageImpl:7196, state=InsetsState: {mDisplayFrame=Rect(0, 0 - 2400, 1080), mDisplayCutout=DisplayCutout{insets=Rect(80, 0 - 0, 0) waterfall=Insets{left=0, top=0, right=0, bottom=0} boundingRect={Bounds=[Rect(0, 510 - 80, 570), Rect(0, 0 - 0, 0), Rect(0, 0 - 0, 0), Rect(0, 0 - 0, 0)]} cutoutPathParserInfo={CutoutPathParserInfo{displayWidth=1080 displayHeight=2400 physicalDisplayWidth=1080 physicalDisplayHeight=2400 density={3.0} cutoutSpec={M 0,0 H -10 V 26.66666666666667 H 10 V 0 H 0 Z @dp} rotation={1} scale={1.0} physicalPixelDisplaySizeRatio={1.0}}}}, mRoundedCorners=RoundedCorners{[RoundedCorner{position=TopLeft, radius=90, center=Point(90, 90)}, RoundedCorner{position=TopRight, radius=90, center=Point(2310, 90)}, RoundedCorner{position=BottomRight, radius=90, center=Point(2310, 990)}, RoundedCorner{position=BottomLeft, radius=90, center=Point(90, 990)}]}  mRoundedCornerFrame=Rect(0, 0 - 1080, 2400), mPrivacyIndicatorBounds=PrivacyIndicatorBounds {static bounds=Rect(2268, 0 - 2400, 72) rotation=1}, mDisplayShape=DisplayShape{ spec=-311912193 displayWidth=1080 displayHeight=2400 physicalPixelDisplaySizeRatio=1.0 rotation=1 offsetX=0 offsetY=0 scale=1.0}, mSources= { InsetsSource: {7 mType=displayCutout mFrame=[0,0][80,1080] mVisible=true mFlags=[]}, InsetsSource: {e30000 mType=statusBars mFrame=[0,0][2400,72] mVisible=true mFlags=[]}, InsetsSource: {e30005 mType=mandatorySystemGestures mFrame=[0,0][2400,72] mVisible=true mFlags=[]}, InsetsSource: {e30006 mType=tappableElement mFrame=[0,0][2400,72] mVisible=true mFlags=[]}, InsetsSource: {4fc30001 mType=navigationBars mFrame=[2256,0][2400,1080] mVisible=true mFlags=[]}, InsetsSource: {4fc30004 mType=systemGestures mFrame=[0,0][0,0] mVisible=true mFlags=[]}, InsetsSource: {4fc30005 mType=mandatorySystemGestures mFrame=[2256,0][2400,1080] mVisible=true mFlags=[]}, InsetsSource: {4fc30006 mType=tappableElement mFrame=[2256,0][2400,1080] mVisible=true mFlags=[]}, InsetsSource: {4fc30024 mType=systemGestures mFrame=[0,0][0,0] mVisible=true mFlags=[]} }
10-23 16:39:22.407  1676  3245 I SurfaceFlinger: id=57924 createSurf, flag=84000, b9c2ad7 ActivityRecordInputSink com.example.as1/com.godot.game.GodotApp#57924
10-23 16:39:22.424  1781  4835 V WindowManager: Relayout Window{ffb3e19 u0 Splash Screen com.example.as1}: viewVisibility=0 req=1080x2400 ty=3 d0
10-23 16:39:22.428  1781  4835 D WindowManager: updateSystemBarAttributes: displayId=0, win=Window{f3fb6b5 u0 io.syncapps.lemmy_sync/io.syncapps.lemmy_sync.ui.activities.CasualActivity}, navColorWin=Window{ffb3e19 u0 Splash Screen com.example.as1}, focusedCanBeNavColorWin=false, behavior=1, appearance=0, statusBarAppearanceRegions=[AppearanceRegion{ bounds=[0,0][2400,1080]}], requestedVisibilities=-9, from=com.android.server.wm.DisplayPolicy.finishPostLayoutPolicyLw:2320 com.android.server.wm.DisplayContent.applySurfaceChangesTransaction:6130 com.android.server.wm.RootWindowContainer.applySurfaceChangesTransaction:1180 
10-23 16:39:22.433  1781  4835 D WindowManager: updateSystemBarAttributes: displayId=0, win=Window{ffb3e19 u0 Splash Screen com.example.as1}, navColorWin=Window{ffb3e19 u0 Splash Screen com.example.as1}, focusedCanBeNavColorWin=false, behavior=1, appearance=0, statusBarAppearanceRegions=[AppearanceRegion{ bounds=[0,0][2400,1080]}], requestedVisibilities=-9, from=com.android.server.wm.DisplayPolicy.focusChangedLw:2947 com.android.server.wm.DisplayContent.updateFocusedWindowLocked:4894 com.android.server.wm.RootWindowContainer.updateFocusedWindowLocked:578 
10-23 16:39:22.439 13418 13418 I com.example.as1: Using CollectorTypeCC GC.
10-23 16:39:22.449  1781  7984 D WindowManager: finishDrawingWindow: Window{ffb3e19 u0 Splash Screen com.example.as1} mDrawState=DRAW_PENDING seqId=0
10-23 16:39:22.450  1781  7984 V WindowManager: Finishing drawing window Window{ffb3e19 u0 Splash Screen com.example.as1}: mDrawState=DRAW_PENDING
10-23 16:39:22.450  1781  7984 V WindowManager: Draw state now committed in Window{ffb3e19 u0 Splash Screen com.example.as1}
10-23 16:39:22.451  1781  1911 V WindowManager: performShowLocked: mDrawState=HAS_DRAWN in Window{ffb3e19 u0 Splash Screen com.example.as1}
10-23 16:39:22.454  1676  1676 I Layer   : Layer [ActivityRecord{2bcfead u0 com.example.as1/com.godot.game.GodotApp t47228}#57917] hidden!! flag(0)
10-23 16:39:22.454  1676  1676 I Layer   : Layer [ffb3e19 Splash Screen com.example.as1#57918] hidden!! flag(0)
10-23 16:39:22.470  1676  1676 I Layer   : Layer [Splash Screen com.example.as1$_4044#57919] hidden!! flag(0)
10-23 16:39:22.474  1676  1759 D RenderEngine: [SEC_GC_CMN_SF_EFFECTS] drawLayersInternal,1279, Rendering layer Splash Screen com.example.as1$_4044#57919 at index 1
10-23 16:39:22.475  1781  8266 D WindowManager: finishDrawingWindow: Window{ffb3e19 u0 Splash Screen com.example.as1} mDrawState=HAS_DRAWN seqId=0
10-23 16:39:22.475  1781  8266 V WindowManager: Finishing drawing window Window{ffb3e19 u0 Splash Screen com.example.as1}: mDrawState=HAS_DRAWN
10-23 16:39:22.483  1781  4835 D SGM:PkgDataHelper: notifyAppCreate(), pkgName: com.example.as1, userId: 0, sendRet: true
10-23 16:39:22.484  1781  3201 D SGM:FgCheckThread: onLooperPrepared(), msg: MSG_APP_CREATE, pkgName: com.example.as1, userId: 0
10-23 16:39:22.490  1781  4835 D SGM:FgCheckThread:   sendRunningComponentFocus(), pkgName: com.example.as1, userId: 0
10-23 16:39:22.490  1781  3201 D SGM:FgCheckThread: onLooperPrepared(), msg: MSG_TASK_FOCUSED, pkgName: com.example.as1, userId: 0
10-23 16:39:22.490  1781  3201 D SGM:FgCheckThread:   handleTaskFocused(), pkgName: com.example.as1, userID:0
10-23 16:39:22.490  1781  3201 D SGM:FgCheckThread:   handleResume(). pkgName: com.example.as1, userId: 0, isTunableApp: null
10-23 16:39:22.490  1781  3201 D SGM:FgCheckThread: notifyFocusInOut(). of pkg: com.example.as1, type: 4, isTunableApp: false, userId: 0
10-23 16:39:22.493  1781  4835 D InputDispatcher: Focused application(0): ActivityRecord{2bcfead u0 com.example.as1/com.godot.game.GodotApp t47228}
10-23 16:39:22.494  1781  4835 D SGM:FgCheckThread:   sendRunningComponentFocus(), pkgName: com.example.as1, userId: 0
10-23 16:39:22.494  1781  3201 D SGM:FgCheckThread: onLooperPrepared(), msg: MSG_TASK_FOCUSED, pkgName: com.example.as1, userId: 0
10-23 16:39:22.494  1781  3201 D SGM:FgCheckThread:   handleTaskFocused(), pkgName: com.example.as1, userID:0
10-23 16:39:22.494  1781  3201 D SGM:FgCheckThread:   handleResume(). pkgName: com.example.as1, userId: 0, isTunableApp: null
10-23 16:39:22.494  1781  3201 D SGM:FgCheckThread: notifyFocusInOut(). of pkg: com.example.as1, type: 4, isTunableApp: false, userId: 0
10-23 16:39:22.495  1781  4835 D ActivityTaskManager: scheduleTopResumedActivityChanged, onTop=true, r=ActivityRecord{2bcfead u0 com.example.as1/com.godot.game.GodotApp t47228}, caller=com.android.server.wm.ActivityTaskSupervisor.scheduleTopResumedActivityStateIfNeeded:2857 com.android.server.wm.ActivityTaskSupervisor.updateTopResumedActivityIfNeeded:2849 com.android.server.wm.TaskFragment.setResumedActivity:579 com.android.server.wm.TaskFragment.onActivityStateChanged:903 com.android.server.wm.ActivityRecord.setState:6811 com.android.server.wm.Task.minimalResumeActivityLocked:6192 
10-23 16:39:22.495  1781  4835 D WindowManagerServiceExt: notifyOccludeChangeNotice: cn=ComponentInfo{com.example.as1/com.godot.game.GodotApp} occludesParent=true isInSplitScreenMode=false styleFloating=false caller=com.android.server.wm.ActivityRecord.completeResumeLocked:7452 com.android.server.wm.Task.minimalResumeActivityLocked:6193 com.android.server.wm.ActivityTaskSupervisor.realStartActivityLocked:1158 com.android.server.wm.RootWindowContainer$AttachApplicationHelper.test:4345 com.android.server.wm.RootWindowContainer$AttachApplicationHelper.test:4281 
10-23 16:39:22.498  1781  1910 I GameSDK@LifeCycle: noteResumeComponent(): package name  : com.example.as1
10-23 16:39:22.507  1781  1910 D SGM:FgCheckThread: noteResumeComponent(), received pkgName: com.example.as1, userId: 0
10-23 16:39:22.507  1781  3201 D SGM:FgCheckThread: onLooperPrepared(), msg: MSG_APP_RESUME, pkgName: com.example.as1, userid: 0
10-23 16:39:22.507  1781  3201 D SGM:FgCheckThread:   handleResume(). pkgName: com.example.as1, userId: 0, isTunableApp: null
10-23 16:39:22.507  1781  3201 D SGM:FgCheckThread: notifyFocusInOut(). of pkg: com.example.as1, type: 4, isTunableApp: false, userId: 0
10-23 16:39:22.508 13418 13418 W ziparchive: Unable to open '/data/app/~~g52beN-EstBE_Xsi8a0Dqw==/com.example.as1-piadoTFmliKjTTDqPnC9eg==/base.dm': No such file or directory
10-23 16:39:22.508 13418 13418 W ziparchive: Unable to open '/data/app/~~g52beN-EstBE_Xsi8a0Dqw==/com.example.as1-piadoTFmliKjTTDqPnC9eg==/base.dm': No such file or directory
10-23 16:39:22.534  1676  1676 D SurfaceFlinger:      CLIENT | 0xb400007c48797830 | 0100 | RGBA_8888    |    0.0    0.0 1997.0 1080.0 |    0  403 1080 2400 | Splash Screen com.example.as1$_4044#57919
10-23 16:39:22.548  1676  1676 D SurfaceFlinger:      CLIENT | 0xb400007c48797830 | 0100 | RGBA_8888    |    0.0    0.0 2067.0 1080.0 |    0  333 1080 2400 | Splash Screen com.example.as1$_4044#57919
10-23 16:39:22.555 13418 13418 D nativeloader: Configuring clns-4 for other apk /data/app/~~g52beN-EstBE_Xsi8a0Dqw==/com.example.as1-piadoTFmliKjTTDqPnC9eg==/base.apk. target_sdk_version=34, uses_libraries=, library_path=/data/app/~~g52beN-EstBE_Xsi8a0Dqw==/com.example.as1-piadoTFmliKjTTDqPnC9eg==/lib/arm64:/data/app/~~g52beN-EstBE_Xsi8a0Dqw==/com.example.as1-piadoTFmliKjTTDqPnC9eg==/base.apk!/lib/arm64-v8a, permitted_path=/data:/mnt/expand:/data/user/0/com.example.as1
10-23 16:39:22.567 13418 13418 V GraphicsEnvironment: ANGLE GameManagerService for com.example.as1: false
10-23 16:39:22.567 13418 13418 V GraphicsEnvironment: com.example.as1 is not listed in per-application setting
10-23 16:39:22.646  1781  3876 D MdnieScenarioControlService:  packageName : com.example.as1    className : com.godot.game.GodotApp
10-23 16:39:22.721 13418 13418 D nativeloader: Load /data/app/~~g52beN-EstBE_Xsi8a0Dqw==/com.example.as1-piadoTFmliKjTTDqPnC9eg==/lib/arm64/libgodot_android.so using ns clns-4 from class loader (caller=/data/app/~~g52beN-EstBE_Xsi8a0Dqw==/com.example.as1-piadoTFmliKjTTDqPnC9eg==/base.apk!classes2.dex): ok
